Component: Arm Compiler for Embedded 6.19 Tool: armlink [5e73cb00]

==============================================================================

Section Cross References

    startup_stm32f407xx.o(STACK) refers (Special) to heapauxi.o(.text) for __use_two_region_memory
    startup_stm32f407xx.o(HEAP) refers (Special) to heapauxi.o(.text) for __use_two_region_memory
    startup_stm32f407xx.o(RESET) refers (Special) to heapauxi.o(.text) for __use_two_region_memory
    startup_stm32f407xx.o(RESET) refers to startup_stm32f407xx.o(STACK) for __initial_sp
    startup_stm32f407xx.o(RESET) refers to startup_stm32f407xx.o(.text) for Reset_Handler
    startup_stm32f407xx.o(RESET) refers to stm32f4xx_it.o(.text.NMI_Handler) for NMI_Handler
    startup_stm32f407xx.o(RESET) refers to stm32f4xx_it.o(.text.HardFault_Handler) for HardFault_Handler
    startup_stm32f407xx.o(RESET) refers to stm32f4xx_it.o(.text.MemManage_Handler) for MemManage_Handler
    startup_stm32f407xx.o(RESET) refers to stm32f4xx_it.o(.text.BusFault_Handler) for BusFault_Handler
    startup_stm32f407xx.o(RESET) refers to stm32f4xx_it.o(.text.UsageFault_Handler) for UsageFault_Handler
    startup_stm32f407xx.o(RESET) refers to stm32f4xx_it.o(.text.SVC_Handler) for SVC_Handler
    startup_stm32f407xx.o(RESET) refers to stm32f4xx_it.o(.text.DebugMon_Handler) for DebugMon_Handler
    startup_stm32f407xx.o(RESET) refers to stm32f4xx_it.o(.text.PendSV_Handler) for PendSV_Handler
    startup_stm32f407xx.o(RESET) refers to stm32f4xx_it.o(.text.SysTick_Handler) for SysTick_Handler
    startup_stm32f407xx.o(RESET) refers to stm32f4xx_it.o(.text.EXTI0_IRQHandler) for EXTI0_IRQHandler
    startup_stm32f407xx.o(RESET) refers to stm32f4xx_it.o(.text.CAN1_RX0_IRQHandler) for CAN1_RX0_IRQHandler
    startup_stm32f407xx.o(RESET) refers to stm32f4xx_it.o(.text.CAN1_RX1_IRQHandler) for CAN1_RX1_IRQHandler
    startup_stm32f407xx.o(RESET) refers to stm32f4xx_it.o(.text.TIM1_UP_TIM10_IRQHandler) for TIM1_UP_TIM10_IRQHandler
    startup_stm32f407xx.o(RESET) refers to stm32f4xx_it.o(.text.TIM2_IRQHandler) for TIM2_IRQHandler
    startup_stm32f407xx.o(RESET) refers to stm32f4xx_it.o(.text.TIM3_IRQHandler) for TIM3_IRQHandler
    startup_stm32f407xx.o(RESET) refers to stm32f4xx_it.o(.text.DMA2_Stream1_IRQHandler) for DMA2_Stream1_IRQHandler
    startup_stm32f407xx.o(RESET) refers to stm32f4xx_it.o(.text.CAN2_RX0_IRQHandler) for CAN2_RX0_IRQHandler
    startup_stm32f407xx.o(RESET) refers to stm32f4xx_it.o(.text.CAN2_RX1_IRQHandler) for CAN2_RX1_IRQHandler
    startup_stm32f407xx.o(RESET) refers to stm32f4xx_it.o(.text.DMA2_Stream6_IRQHandler) for DMA2_Stream6_IRQHandler
    startup_stm32f407xx.o(RESET) refers to stm32f4xx_it.o(.text.USART6_IRQHandler) for USART6_IRQHandler
    startup_stm32f407xx.o(.text) refers (Special) to heapauxi.o(.text) for __use_two_region_memory
    startup_stm32f407xx.o(.text) refers to system_stm32f4xx.o(.text.SystemInit) for SystemInit
    startup_stm32f407xx.o(.text) refers to __main.o(!!!main) for __main
    startup_stm32f407xx.o(.text) refers to startup_stm32f407xx.o(HEAP) for Heap_Mem
    startup_stm32f407xx.o(.text) refers to startup_stm32f407xx.o(STACK) for Stack_Mem
    main.o(.text.main) refers to main.o(.bss.counter) for counter
    main.o(.text.main) refers to stm32f4xx_hal.o(.text.HAL_Init) for HAL_Init
    main.o(.text.main) refers to main.o(.text.SystemClock_Config) for SystemClock_Config
    main.o(.text.main) refers to gpio.o(.text.MX_GPIO_Init) for MX_GPIO_Init
    main.o(.text.main) refers to dma.o(.text.MX_DMA_Init) for MX_DMA_Init
    main.o(.text.main) refers to can.o(.text.MX_CAN1_Init) for MX_CAN1_Init
    main.o(.text.main) refers to can.o(.text.MX_CAN2_Init) for MX_CAN2_Init
    main.o(.text.main) refers to usart.o(.text.MX_USART6_UART_Init) for MX_USART6_UART_Init
    main.o(.text.main) refers to tim.o(.text.MX_TIM1_Init) for MX_TIM1_Init
    main.o(.text.main) refers to tim.o(.text.MX_TIM2_Init) for MX_TIM2_Init
    main.o(.text.main) refers to tim.o(.text.MX_TIM3_Init) for MX_TIM3_Init
    main.o(.text.main) refers to tim.o(.bss.htim1) for htim1
    main.o(.text.main) refers to stm32f4xx_hal_tim.o(.text.HAL_TIM_Base_Start_IT) for HAL_TIM_Base_Start_IT
    main.o(.text.main) refers to tim.o(.bss.htim2) for htim2
    main.o(.text.main) refers to tim.o(.bss.htim3) for htim3
    main.o(.text.main) refers to usart.o(.bss.huart6) for huart6
    main.o(.text.main) refers to stm32f4xx_hal_uart.o(.text.HAL_UART_Init) for HAL_UART_Init
    main.o(.text.main) refers to bsp_can.o(.text.can_filter_init) for can_filter_init
    main.o(.text.main) refers to main.o(.bss.exti_flag) for exti_flag
    main.o(.text.main) refers to stm32f4xx_hal_gpio.o(.text.HAL_GPIO_WritePin) for HAL_GPIO_WritePin
    main.o(.text.main) refers to main.o(.bss.output) for output
    main.o(.text.main) refers to can_receive.o(.text.CAN_cmd_chassis) for CAN_cmd_chassis
    main.o(.text.main) refers to stm32f4xx_hal.o(.text.HAL_Delay) for HAL_Delay
[...]
    [Anonymous Symbol]                       0x080042fc   Section        0  pid_control.o(.text.PID_Compute_torque)
    [Anonymous Symbol]                       0x08004404   Section        0  pid_control.o(.text.PID_Init_speed)
    [Anonymous Symbol]                       0x08004434   Section        0  pid_control.o(.text.PID_Init_torque)
    [Anonymous Symbol]                       0x08004464   Section        0  stm32f4xx_it.o(.text.PendSV_Handler)
    [Anonymous Symbol]                       0x08004468   Section        0  stm32f4xx_it.o(.text.SVC_Handler)
    SysTick_Config                           0x0800446d   Thumb Code    82  stm32f4xx_hal_cortex.o(.text.SysTick_Config)
    [Anonymous Symbol]                       0x0800446c   Section        0  stm32f4xx_hal_cortex.o(.text.SysTick_Config)
    [Anonymous Symbol]                       0x080044c0   Section        0  stm32f4xx_it.o(.text.SysTick_Handler)
    [Anonymous Symbol]                       0x080044c8   Section        0  main.o(.text.SystemClock_Config)
    [Anonymous Symbol]                       0x08004584   Section        0  system_stm32f4xx.o(.text.SystemInit)
    [Anonymous Symbol]                       0x08004598   Section        0  stm32f4xx_it.o(.text.TIM1_UP_TIM10_IRQHandler)
    [Anonymous Symbol]                       0x080045a8   Section        0  stm32f4xx_it.o(.text.TIM2_IRQHandler)
    [Anonymous Symbol]                       0x080045b8   Section        0  stm32f4xx_it.o(.text.TIM3_IRQHandler)
    [Anonymous Symbol]                       0x080045c8   Section        0  stm32f4xx_hal_tim.o(.text.TIM_Base_SetConfig)
    [Anonymous Symbol]                       0x0800476c   Section        0  stm32f4xx_hal_tim.o(.text.TIM_ETR_SetConfig)
    TIM_ITRx_SetConfig                       0x080047a1   Thumb Code    42  stm32f4xx_hal_tim.o(.text.TIM_ITRx_SetConfig)
    [Anonymous Symbol]                       0x080047a0   Section        0  stm32f4xx_hal_tim.o(.text.TIM_ITRx_SetConfig)
    TIM_TI1_ConfigInputStage                 0x080047cd   Thumb Code    80  stm32f4xx_hal_tim.o(.text.TIM_TI1_ConfigInputStage)
    [Anonymous Symbol]                       0x080047cc   Section        0  stm32f4xx_hal_tim.o(.text.TIM_TI1_ConfigInputStage)
    TIM_TI2_ConfigInputStage                 0x0800481d   Thumb Code    82  stm32f4xx_hal_tim.o(.text.TIM_TI2_ConfigInputStage)
    [Anonymous Symbol]                       0x0800481c   Section        0  stm32f4xx_hal_tim.o(.text.TIM_TI2_ConfigInputStage)
    UART_DMAAbortOnError                     0x08004871   Thumb Code    28  stm32f4xx_hal_uart.o(.text.UART_DMAAbortOnError)
    [Anonymous Symbol]                       0x08004870   Section        0  stm32f4xx_hal_uart.o(.text.UART_DMAAbortOnError)
    UART_DMAError                            0x0800488d   Thumb Code   124  stm32f4xx_hal_uart.o(.text.UART_DMAError)
    [Anonymous Symbol]                       0x0800488c   Section        0  stm32f4xx_hal_uart.o(.text.UART_DMAError)
    UART_DMATransmitCplt                     0x08004909   Thumb Code   122  stm32f4xx_hal_uart.o(.text.UART_DMATransmitCplt)
    [Anonymous Symbol]                       0x08004908   Section        0  stm32f4xx_hal_uart.o(.text.UART_DMATransmitCplt)
    UART_DMATxHalfCplt                       0x08004985   Thumb Code    22  stm32f4xx_hal_uart.o(.text.UART_DMATxHalfCplt)
    [Anonymous Symbol]                       0x08004984   Section        0  stm32f4xx_hal_uart.o(.text.UART_DMATxHalfCplt)
    UART_EndRxTransfer                       0x0800499d   Thumb Code   148  stm32f4xx_hal_uart.o(.text.UART_EndRxTransfer)
    [Anonymous Symbol]                       0x0800499c   Section        0  stm32f4xx_hal_uart.o(.text.UART_EndRxTransfer)
    UART_EndTransmit_IT                      0x08004a31   Thumb Code    38  stm32f4xx_hal_uart.o(.text.UART_EndTransmit_IT)
    [Anonymous Symbol]                       0x08004a30   Section        0  stm32f4xx_hal_uart.o(.text.UART_EndTransmit_IT)
    UART_EndTxTransfer                       0x08004a59   Thumb Code    54  stm32f4xx_hal_uart.o(.text.UART_EndTxTransfer)
    [Anonymous Symbol]                       0x08004a58   Section        0  stm32f4xx_hal_uart.o(.text.UART_EndTxTransfer)
    UART_Receive_IT                          0x08004a91   Thumb Code   360  stm32f4xx_hal_uart.o(.text.UART_Receive_IT)
    [Anonymous Symbol]                       0x08004a90   Section        0  stm32f4xx_hal_uart.o(.text.UART_Receive_IT)
    UART_SetConfig                           0x08004bf9   Thumb Code   314  stm32f4xx_hal_uart.o(.text.UART_SetConfig)
    [Anonymous Symbol]                       0x08004bf8   Section        0  stm32f4xx_hal_uart.o(.text.UART_SetConfig)
    UART_Transmit_IT                         0x08004d35   Thumb Code   148  stm32f4xx_hal_uart.o(.text.UART_Transmit_IT)
    [Anonymous Symbol]                       0x08004d34   Section        0  stm32f4xx_hal_uart.o(.text.UART_Transmit_IT)
    [Anonymous Symbol]                       0x08004dc8   Section        0  stm32f4xx_it.o(.text.USART6_IRQHandler)
    [Anonymous Symbol]                       0x08004dd8   Section        0  stm32f4xx_it.o(.text.UsageFault_Handler)
    __NVIC_EnableIRQ                         0x08004ddd   Thumb Code    48  stm32f4xx_hal_cortex.o(.text.__NVIC_EnableIRQ)
    [Anonymous Symbol]                       0x08004ddc   Section        0  stm32f4xx_hal_cortex.o(.text.__NVIC_EnableIRQ)
    __NVIC_GetPriorityGrouping               0x08004e0d   Thumb Code    16  stm32f4xx_hal_cortex.o(.text.__NVIC_GetPriorityGrouping)
    [Anonymous Symbol]                       0x08004e0c   Section        0  stm32f4xx_hal_cortex.o(.text.__NVIC_GetPriorityGrouping)
    __NVIC_SetPriority                       0x08004e1d   Thumb Code    66  stm32f4xx_hal_cortex.o(.text.__NVIC_SetPriority)
    [Anonymous Symbol]                       0x08004e1c   Section        0  stm32f4xx_hal_cortex.o(.text.__NVIC_SetPriority)
    __NVIC_SetPriorityGrouping               0x08004e61   Thumb Code    60  stm32f4xx_hal_cortex.o(.text.__NVIC_SetPriorityGrouping)
    [Anonymous Symbol]                       0x08004e60   Section        0  stm32f4xx_hal_cortex.o(.text.__NVIC_SetPriorityGrouping)
    [Anonymous Symbol]                       0x08004e9c   Section        0  bsp_can.o(.text.can_filter_init)
    [Anonymous Symbol]                       0x08004f00   Section        0  can_receive.o(.text.get_UART_TX_DATA_ptr)
    [Anonymous Symbol]                       0x08004f0c   Section        0  can_receive.o(.text.get_UART_TX_DATA_size)
    [Anonymous Symbol]                       0x08004f10   Section        0  can_receive.o(.text.get_chassis_motor_measure_point)
    [Anonymous Symbol]                       0x08004f38   Section        0  main.o(.text.main)
    i.__ARM_fpclassify                       0x080050a8   Section        0  fpclassify.o(i.__ARM_fpclassify)
    i.__hardfp_sin                           0x080050d8   Section        0  sin.o(i.__hardfp_sin)
    i.__ieee754_rem_pio2                     0x080051a0   Section        0  rred.o(i.__ieee754_rem_pio2)
    i.__kernel_cos                           0x080055d8   Section        0  cos_i.o(i.__kernel_cos)
    i.__kernel_poly                          0x08005748   Section        0  poly.o(i.__kernel_poly)
    i.__kernel_sin                           0x08005840   Section        0  sin_i.o(i.__kernel_sin)
    i.__mathlib_dbl_infnan                   0x08005970   Section        0  dunder.o(i.__mathlib_dbl_infnan)
    i.__mathlib_dbl_invalid                  0x08005988   Section        0  dunder.o(i.__mathlib_dbl_invalid)
    i.__mathlib_dbl_underflow                0x080059a8   Section        0  dunder.o(i.__mathlib_dbl_underflow)
    i.fabs                                   0x080059c8   Section        0  fabs.o(i.fabs)
    $v0                                      0x080059e0   Number         0  basic.o(x$fpl$basic)
    x$fpl$basic                              0x080059e0   Section       24  basic.o(x$fpl$basic)
    $v0                                      0x080059f8   Number         0  d2f.o(x$fpl$d2f)
    x$fpl$d2f                                0x080059f8   Section       98  d2f.o(x$fpl$d2f)
    $v0                                      0x08005a5c   Number         0  daddsub_clz.o(x$fpl$dadd)
    x$fpl$dadd                               0x08005a5c   Section      336  daddsub_clz.o(x$fpl$dadd)
    _dadd1                                   0x08005a6d   Thumb Code     0  daddsub_clz.o(x$fpl$dadd)
    $v0                                      0x08005bac   Number         0  ddiv.o(x$fpl$ddiv)
    x$fpl$ddiv                               0x08005bac   Section      692  ddiv.o(x$fpl$ddiv)
    ddiv_entry                               0x08005bb3   Thumb Code     0  ddiv.o(x$fpl$ddiv)
    $v0                                      0x08005e60   Number         0  dfix.o(x$fpl$dfix)
    x$fpl$dfix                               0x08005e60   Section       94  dfix.o(x$fpl$dfix)
    $v0                                      0x08005ebe   Number         0  dflt_clz.o(x$fpl$dflt)
    x$fpl$dflt                               0x08005ebe   Section       46  dflt_clz.o(x$fpl$dflt)
    $v0                                      0x08005eec   Number         0  dflt_clz.o(x$fpl$dfltu)
    x$fpl$dfltu                              0x08005eec   Section       38  dflt_clz.o(x$fpl$dfltu)
    $v0                                      0x08005f14   Number         0  dmul.o(x$fpl$dmul)
    x$fpl$dmul                               0x08005f14   Section      340  dmul.o(x$fpl$dmul)
    $v0                                      0x08006068   Number         0  dnaninf.o(x$fpl$dnaninf)
    x$fpl$dnaninf                            0x08006068   Section      156  dnaninf.o(x$fpl$dnaninf)
    $v0                                      0x08006104   Number         0  dretinf.o(x$fpl$dretinf)
    x$fpl$dretinf                            0x08006104   Section       12  dretinf.o(x$fpl$dretinf)
    $v0                                      0x08006110   Number         0  daddsub_clz.o(x$fpl$drsb)
    x$fpl$drsb                               0x08006110   Section       22  daddsub_clz.o(x$fpl$drsb)
    $v0                                      0x08006128   Number         0  daddsub_clz.o(x$fpl$dsub)
    x$fpl$dsub                               0x08006128   Section      476  daddsub_clz.o(x$fpl$dsub)
    _dsub1                                   0x08006139   Thumb Code     0  daddsub_clz.o(x$fpl$dsub)
    $v0                                      0x08006304   Number         0  f2d.o(x$fpl$f2d)
    x$fpl$f2d                                0x08006304   Section       86  f2d.o(x$fpl$f2d)
    $v0                                      0x0800635a   Number         0  fnaninf.o(x$fpl$fnaninf)
    x$fpl$fnaninf                            0x0800635a   Section      140  fnaninf.o(x$fpl$fnaninf)
    $v0                                      0x080063e6   Number         0  fpinit.o(x$fpl$fpinit)
    x$fpl$fpinit                             0x080063e6   Section       26  fpinit.o(x$fpl$fpinit)
    $v0                                      0x08006400   Number         0  fretinf.o(x$fpl$fretinf)
    x$fpl$fretinf                            0x08006400   Section       10  fretinf.o(x$fpl$fretinf)
    x$fpl$usenofp                            0x0800640a   Section        0  usenofp.o(x$fpl$usenofp)
    C                                        0x08006410   Data          48  cos_i.o(.constdata)
    .constdata                               0x08006410   Section       48  cos_i.o(.constdata)
    pio2s                                    0x08006440   Data          48  rred.o(.constdata)
    .constdata                               0x08006440   Section      204  rred.o(.constdata)
    twooverpi                                0x08006470   Data         156  rred.o(.constdata)
    S                                        0x08006510   Data          40  sin_i.o(.constdata)
    .constdata                               0x08006510   Section       40  sin_i.o(.constdata)
    DMA_CalcBaseAndBitshift.flagBitshiftOffset 0x08006550   Data           8  stm32f4xx_hal_dma.o(.rodata.DMA_CalcBaseAndBitshift.flagBitshiftOffset)
    [Anonymous Symbol]                       0x08006550   Section        0  stm32f4xx_hal_dma.o(.rodata.DMA_CalcBaseAndBitshift.flagBitshiftOffset)
    .bss                                     0x20000010   Section       96  libspace.o(.bss)
    HAL_CAN_RxFifo0MsgPendingCallback.i      0x20000070   Data           1  can_receive.o(.bss.HAL_CAN_RxFifo0MsgPendingCallback.i)
    [Anonymous Symbol]                       0x20000070   Section        0  can_receive.o(.bss.HAL_CAN_RxFifo0MsgPendingCallback.i)
    HAL_CAN_RxFifo0MsgPendingCallback.j      0x20000071   Data           1  can_receive.o(.bss.HAL_CAN_RxFifo0MsgPendingCallback.j)
    [Anonymous Symbol]                       0x20000071   Section        0  can_receive.o(.bss.HAL_CAN_RxFifo0MsgPendingCallback.j)
    HAL_RCC_CAN1_CLK_ENABLED                 0x20000074   Data           4  can.o(.bss.HAL_RCC_CAN1_CLK_ENABLED)
    [Anonymous Symbol]                       0x20000074   Section        0  can.o(.bss.HAL_RCC_CAN1_CLK_ENABLED)
    HAL_TIM_PeriodElapsedCallback.pid1       0x20000078   Data          28  main.o(.bss.HAL_TIM_PeriodElapsedCallback.pid1)
    [Anonymous Symbol]                       0x20000078   Section        0  main.o(.bss.HAL_TIM_PeriodElapsedCallback.pid1)
    HAL_TIM_PeriodElapsedCallback.pid2       0x20000094   Data          28  main.o(.bss.HAL_TIM_PeriodElapsedCallback.pid2)
    [Anonymous Symbol]                       0x20000094   Section        0  main.o(.bss.HAL_TIM_PeriodElapsedCallback.pid2)
    chassis_can_send_data                    0x200000ba   Data           8  can_receive.o(.bss.chassis_can_send_data)
    [Anonymous Symbol]                       0x200000ba   Section        0  can_receive.o(.bss.chassis_can_send_data)
    chassis_tx_message                       0x200000c4   Data          24  can_receive.o(.bss.chassis_tx_message)
    [Anonymous Symbol]                       0x200000c4   Section        0  can_receive.o(.bss.chassis_tx_message)
    motor_chassis                            0x20000314   Data          70  can_receive.o(.bss.motor_chassis)
    [Anonymous Symbol]                       0x20000314   Section        0  can_receive.o(.bss.motor_chassis)
    motor_serialplot_tx                      0x2000035a   Data          32  can_receive.o(.bss.motor_serialplot_tx)
    [Anonymous Symbol]                       0x2000035a   Section        0  can_receive.o(.bss.motor_serialplot_tx)
    Heap_Mem                                 0x20000390   Data         512  startup_stm32f407xx.o(HEAP)
    HEAP                                     0x20000390   Section      512  startup_stm32f407xx.o(HEAP)
    Stack_Mem                                0x20000590   Data        1024  startup_stm32f407xx.o(STACK)
    STACK                                    0x20000590   Section     1024  startup_stm32f407xx.o(STACK)
    __initial_sp                             0x20000990   Data           0  startup_stm32f407xx.o(STACK)

    Global Symbols

    Symbol Name                              Value     Ov Type        Size  Object(Section)

    BuildAttributes$$THM_ISAv4$E$P$D$K$B$S$7EM$VFPi3$EXTD16$VFPS$VFMA$PE$A:L22UL41UL21$X:L11$S22US41US21$IEEE1$IW$~IW$USESV6$~STKCKD$USESV7$~SHL$OTIME$ROPI$IEEEX$EBA8$UX$STANDARDLIB$REQ8$PRES8$EABIv2 0x00000000   Number         0  anon$$obj.o ABSOLUTE
    __ARM_exceptions_init                     - Undefined Weak Reference
    __alloca_initialize                       - Undefined Weak Reference
    __arm_preinit_                            - Undefined Weak Reference
    __arm_relocate_pie_                       - Undefined Weak Reference
    __cpp_initialize__aeabi_                  - Undefined Weak Reference
    __cxa_finalize                            - Undefined Weak Reference
    __rt_locale                               - Undefined Weak Reference
    __sigvec_lookup                           - Undefined Weak Reference
    _atexit_init                              - Undefined Weak Reference
    _call_atexit_fns                          - Undefined Weak Reference
    _clock_init                               - Undefined Weak Reference
    _fp_trap_init                             - Undefined Weak Reference
    _fp_trap_shutdown                         - Undefined Weak Reference
    _get_lc_collate                           - Undefined Weak Reference
    _get_lc_ctype                             - Undefined Weak Reference
    _get_lc_monetary                          - Undefined Weak Reference
    _get_lc_numeric                           - Undefined Weak Reference
    _get_lc_time                              - Undefined Weak Reference
    _getenv_init                              - Undefined Weak Reference
    _handle_redirection                       - Undefined Weak Reference
    _init_alloc                               - Undefined Weak Reference
    _init_user_alloc                          - Undefined Weak Reference
    _initio                                   - Undefined Weak Reference
    _rand_init                                - Undefined Weak Reference
    _signal_finish                            - Undefined Weak Reference
    _signal_init                              - Undefined Weak Reference
    _terminate_alloc                          - Undefined Weak Reference
    _terminate_user_alloc                     - Undefined Weak Reference
    _terminateio                              - Undefined Weak Reference
    __Vectors_Size                           0x00000188   Number         0  startup_stm32f407xx.o ABSOLUTE
    __Vectors                                0x08000000   Data           4  startup_stm32f407xx.o(RESET)
    __Vectors_End                            0x08000188   Data           0  startup_stm32f407xx.o(RESET)
    __main                                   0x08000189   Thumb Code     8  __main.o(!!!main)
    __scatterload                            0x08000191   Thumb Code     0  __scatter.o(!!!scatter)
    __scatterload_rt2                        0x08000191   Thumb Code    44  __scatter.o(!!!scatter)
    __scatterload_rt2_thumb_only             0x08000191   Thumb Code     0  __scatter.o(!!!scatter)
    __scatterload_null                       0x0800019f   Thumb Code     0  __scatter.o(!!!scatter)
    __scatterload_copy                       0x080001c5   Thumb Code    26  __scatter_copy.o(!!handler_copy)
    __scatterload_zeroinit                   0x080001e1   Thumb Code    28  __scatter_zi.o(!!handler_zi)
    __rt_lib_init                            0x080001fd   Thumb Code     0  libinit.o(.ARM.Collect$$libinit$$00000000)
    __rt_lib_init_fp_1                       0x080001ff   Thumb Code     0  libinit2.o(.ARM.Collect$$libinit$$00000001)
    __rt_lib_init_alloca_1                   0x08000203   Thumb Code     0  libinit2.o(.ARM.Collect$$libinit$$00000030)
    __rt_lib_init_argv_1                     0x08000203   Thumb Code     0  libinit2.o(.ARM.Collect$$libinit$$0000002E)
    __rt_lib_init_atexit_1                   0x08000203   Thumb Code     0  libinit2.o(.ARM.Collect$$libinit$$0000001D)
    __rt_lib_init_clock_1                    0x08000203   Thumb Code     0  libinit2.o(.ARM.Collect$$libinit$$00000023)
    __rt_lib_init_cpp_1                      0x08000203   Thumb Code     0  libinit2.o(.ARM.Collect$$libinit$$00000034)
    __rt_lib_init_exceptions_1               0x08000203   Thumb Code     0  libinit2.o(.ARM.Collect$$libinit$$00000032)
    __rt_lib_init_fp_trap_1                  0x08000203   Thumb Code     0  libinit2.o(.ARM.Collect$$libinit$$00000021)
    __rt_lib_init_getenv_1                   0x08000203   Thumb Code     0  libinit2.o(.ARM.Collect$$libinit$$00000025)
    __rt_lib_init_heap_1                     0x08000203   Thumb Code     0  libinit2.o(.ARM.Collect$$libinit$$0000000C)
    __rt_lib_init_lc_collate_1               0x08000203   Thumb Code     0  libinit2.o(.ARM.Collect$$libinit$$00000013)
    __rt_lib_init_lc_ctype_1                 0x08000203   Thumb Code     0  libinit2.o(.ARM.Collect$$libinit$$00000015)
    __rt_lib_init_lc_monetary_1              0x08000203   Thumb Code     0  libinit2.o(.ARM.Collect$$libinit$$00000017)
    __rt_lib_init_lc_numeric_1               0x08000203   Thumb Code     0  libinit2.o(.ARM.Collect$$libinit$$00000019)
    __rt_lib_init_lc_time_1                  0x08000203   Thumb Code     0  libinit2.o(.ARM.Collect$$libinit$$0000001B)
    __rt_lib_init_preinit_1                  0x08000203   Thumb Code     0  libinit2.o(.ARM.Collect$$libinit$$00000006)
    __rt_lib_init_rand_1                     0x08000203   Thumb Code     0  libinit2.o(.ARM.Collect$$libinit$$00000010)
    __rt_lib_init_relocate_pie_1             0x08000203   Thumb Code     0  libinit2.o(.ARM.Collect$$libinit$$00000004)
    __rt_lib_init_return                     0x08000203   Thumb Code     0  libinit2.o(.ARM.Collect$$libinit$$00000035)
    __rt_lib_init_signal_1                   0x08000203   Thumb Code     0  libinit2.o(.ARM.Collect$$libinit$$0000001F)
    __rt_lib_init_stdio_1                    0x08000203   Thumb Code     0  libinit2.o(.ARM.Collect$$libinit$$00000027)
    __rt_lib_init_user_alloc_1               0x08000203   Thumb Code     0  libinit2.o(.ARM.Collect$$libinit$$0000000E)
    __rt_lib_shutdown                        0x08000205   Thumb Code     0  libshutdown.o(.ARM.Collect$$libshutdown$$00000000)
    __rt_lib_shutdown_cpp_1                  0x08000207   Thumb Code     0  libshutdown2.o(.ARM.Collect$$libshutdown$$00000002)
    __rt_lib_shutdown_fp_trap_1              0x08000207   Thumb Code     0  libshutdown2.o(.ARM.Collect$$libshutdown$$00000007)
    __rt_lib_shutdown_heap_1                 0x08000207   Thumb Code     0  libshutdown2.o(.ARM.Collect$$libshutdown$$0000000F)
    __rt_lib_shutdown_return                 0x08000207   Thumb Code     0  libshutdown2.o(.ARM.Collect$$libshutdown$$00000010)
    __rt_lib_shutdown_signal_1               0x08000207   Thumb Code     0  libshutdown2.o(.ARM.Collect$$libshutdown$$0000000A)
    __rt_lib_shutdown_stdio_1                0x08000207   Thumb Code     0  libshutdown2.o(.ARM.Collect$$libshutdown$$00000004)
    __rt_lib_shutdown_user_alloc_1           0x08000207   Thumb Code     0  libshutdown2.o(.ARM.Collect$$libshutdown$$0000000C)
    __rt_entry                               0x08000209   Thumb Code     0  __rtentry.o(.ARM.Collect$$rtentry$$00000000)
    __rt_entry_presh_1                       0x08000209   Thumb Code     0  __rtentry2.o(.ARM.Collect$$rtentry$$00000002)
    __rt_entry_sh                            0x08000209   Thumb Code     0  __rtentry4.o(.ARM.Collect$$rtentry$$00000004)
    __rt_entry_li                            0x0800020f   Thumb Code     0  __rtentry2.o(.ARM.Collect$$rtentry$$0000000A)
    __rt_entry_postsh_1                      0x0800020f   Thumb Code     0  __rtentry2.o(.ARM.Collect$$rtentry$$00000009)
    __rt_entry_main                          0x08000213   Thumb Code     0  __rtentry2.o(.ARM.Collect$$rtentry$$0000000D)
    __rt_entry_postli_1                      0x08000213   Thumb Code     0  __rtentry2.o(.ARM.Collect$$rtentry$$0000000C)
    __rt_exit                                0x0800021b   Thumb Code     0  rtexit.o(.ARM.Collect$$rtexit$$00000000)
    __rt_exit_ls                             0x0800021d   Thumb Code     0  rtexit2.o(.ARM.Collect$$rtexit$$00000003)
    __rt_exit_prels_1                        0x0800021d   Thumb Code     0  rtexit2.o(.ARM.Collect$$rtexit$$00000002)
    __rt_exit_exit                           0x08000221   Thumb Code     0  rtexit2.o(.ARM.Collect$$rtexit$$00000004)
    Reset_Handler                            0x08000229   Thumb Code     8  startup_stm32f407xx.o(.text)
    ADC_IRQHandler                           0x08000243   Thumb Code     0  startup_stm32f407xx.o(.text)
    CAN1_SCE_IRQHandler                      0x08000243   Thumb Code     0  startup_stm32f407xx.o(.text)
    CAN1_TX_IRQHandler                       0x08000243   Thumb Code     0  startup_stm32f407xx.o(.text)
    CAN2_SCE_IRQHandler                      0x08000243   Thumb Code     0  startup_stm32f407xx.o(.text)
    CAN2_TX_IRQHandler                       0x08000243   Thumb Code     0  startup_stm32f407xx.o(.text)
    DCMI_IRQHandler                          0x08000243   Thumb Code     0  startup_stm32f407xx.o(.text)
    DMA1_Stream0_IRQHandler                  0x08000243   Thumb Code     0  startup_stm32f407xx.o(.text)
    DMA1_Stream1_IRQHandler                  0x08000243   Thumb Code     0  startup_stm32f407xx.o(.text)
    DMA1_Stream2_IRQHandler                  0x08000243   Thumb Code     0  startup_stm32f407xx.o(.text)
    DMA1_Stream3_IRQHandler                  0x08000243   Thumb Code     0  startup_stm32f407xx.o(.text)
    DMA1_Stream4_IRQHandler                  0x08000243   Thumb Code     0  startup_stm32f407xx.o(.text)
    DMA1_Stream5_IRQHandler                  0x08000243   Thumb Code     0  startup_stm32f407xx.o(.text)
    DMA1_Stream6_IRQHandler                  0x08000243   Thumb Code     0  startup_stm32f407xx.o(.text)
    DMA1_Stream7_IRQHandler                  0x08000243   Thumb Code     0  startup_stm32f407xx.o(.text)
    DMA2_Stream0_IRQHandler                  0x08000243   Thumb Code     0  startup_stm32f407xx.o(.text)
    DMA2_Stream2_IRQHandler                  0x08000243   Thumb Code     0  startup_stm32f407xx.o(.text)
    DMA2_Stream3_IRQHandler                  0x08000243   Thumb Code     0  startup_stm32f407xx.o(.text)
    DMA2_Stream4_IRQHandler                  0x08000243   Thumb Code     0  startup_stm32f407xx.o(.text)
    DMA2_Stream5_IRQHandler                  0x08000243   Thumb Code     0  startup_stm32f407xx.o(.text)
    DMA2_Stream7_IRQHandler                  0x08000243   Thumb Code     0  startup_stm32f407xx.o(.text)
    ETH_IRQHandler                           0x08000243   Thumb Code     0  startup_stm32f407xx.o(.text)
    ETH_WKUP_IRQHandler                      0x08000243   Thumb Code     0  startup_stm32f407xx.o(.text)
    EXTI15_10_IRQHandler                     0x08000243   Thumb Code     0  startup_stm32f407xx.o(.text)
    EXTI1_IRQHandler                         0x08000243   Thumb Code     0  startup_stm32f407xx.o(.text)
    EXTI2_IRQHandler                         0x08000243   Thumb Code     0  startup_stm32f407xx.o(.text)
    EXTI3_IRQHandler                         0x08000243   Thumb Code     0  startup_stm32f407xx.o(.text)
    EXTI4_IRQHandler                         0x08000243   Thumb Code     0  startup_stm32f407xx.o(.text)
    EXTI9_5_IRQHandler                       0x08000243   Thumb Code     0  startup_stm32f407xx.o(.text)
    FLASH_IRQHandler                         0x08000243   Thumb Code     0  startup_stm32f407xx.o(.text)
    FMC_IRQHandler                           0x08000243   Thumb Code     0  startup_stm32f407xx.o(.text)
    FPU_IRQHandler                           0x08000243   Thumb Code     0  startup_stm32f407xx.o(.text)
    HASH_RNG_IRQHandler                      0x08000243   Thumb Code     0  startup_stm32f407xx.o(.text)
    I2C1_ER_IRQHandler                       0x08000243   Thumb Code     0  startup_stm32f407xx.o(.text)
    I2C1_EV_IRQHandler                       0x08000243   Thumb Code     0  startup_stm32f407xx.o(.text)
    I2C2_ER_IRQHandler                       0x08000243   Thumb Code     0  startup_stm32f407xx.o(.text)
    I2C2_EV_IRQHandler                       0x08000243   Thumb Code     0  startup_stm32f407xx.o(.text)
    I2C3_ER_IRQHandler                       0x08000243   Thumb Code     0  startup_stm32f407xx.o(.text)
    I2C3_EV_IRQHandler                       0x08000243   Thumb Code     0  startup_stm32f407xx.o(.text)
    OTG_FS_IRQHandler                        0x08000243   Thumb Code     0  startup_stm32f407xx.o(.text)
    OTG_FS_WKUP_IRQHandler                   0x08000243   Thumb Code     0  startup_stm32f407xx.o(.text)
    OTG_HS_EP1_IN_IRQHandler                 0x08000243   Thumb Code     0  startup_stm32f407xx.o(.text)
    OTG_HS_EP1_OUT_IRQHandler                0x08000243   Thumb Code     0  startup_stm32f407xx.o(.text)
    OTG_HS_IRQHandler                        0x08000243   Thumb Code     0  startup_stm32f407xx.o(.text)
    OTG_HS_WKUP_IRQHandler                   0x08000243   Thumb Code     0  startup_stm32f407xx.o(.text)
    PVD_IRQHandler                           0x08000243   Thumb Code     0  startup_stm32f407xx.o(.text)
    RCC_IRQHandler                           0x08000243   Thumb Code     0  startup_stm32f407xx.o(.text)
    RTC_Alarm_IRQHandler                     0x08000243   Thumb Code     0  startup_stm32f407xx.o(.text)
    RTC_WKUP_IRQHandler                      0x08000243   Thumb Code     0  startup_stm32f407xx.o(.text)
    SDIO_IRQHandler                          0x08000243   Thumb Code     0  startup_stm32f407xx.o(.text)
    SPI1_IRQHandler                          0x08000243   Thumb Code     0  startup_stm32f407xx.o(.text)
    SPI2_IRQHandler                          0x08000243   Thumb Code     0  startup_stm32f407xx.o(.text)
    SPI3_IRQHandler                          0x08000243   Thumb Code     0  startup_stm32f407xx.o(.text)
    TAMP_STAMP_IRQHandler                    0x08000243   Thumb Code     0  startup_stm32f407xx.o(.text)
    TIM1_BRK_TIM9_IRQHandler                 0x08000243   Thumb Code     0  startup_stm32f407xx.o(.text)
    TIM1_CC_IRQHandler                       0x08000243   Thumb Code     0  startup_stm32f407xx.o(.text)
    TIM1_TRG_COM_TIM11_IRQHandler            0x08000243   Thumb Code     0  startup_stm32f407xx.o(.text)
    TIM4_IRQHandler                          0x08000243   Thumb Code     0  startup_stm32f407xx.o(.text)
    TIM5_IRQHandler                          0x08000243   Thumb Code     0  startup_stm32f407xx.o(.text)
    TIM6_DAC_IRQHandler                      0x08000243   Thumb Code     0  startup_stm32f407xx.o(.text)
    TIM7_IRQHandler                          0x08000243   Thumb Code     0  startup_stm32f407xx.o(.text)
    TIM8_BRK_TIM12_IRQHandler                0x08000243   Thumb Code     0  startup_stm32f407xx.o(.text)
    TIM8_CC_IRQHandler                       0x08000243   Thumb Code     0  startup_stm32f407xx.o(.text)
    TIM8_TRG_COM_TIM14_IRQHandler            0x08000243   Thumb Code     0  startup_stm32f407xx.o(.text)
    TIM8_UP_TIM13_IRQHandler                 0x08000243   Thumb Code     0  startup_stm32f407xx.o(.text)
    UART4_IRQHandler                         0x08000243   Thumb Code     0  startup_stm32f407xx.o(.text)
    UART5_IRQHandler                         0x08000243   Thumb Code     0  startup_stm32f407xx.o(.text)
    USART1_IRQHandler                        0x08000243   Thumb Code     0  startup_stm32f407xx.o(.text)
    USART2_IRQHandler                        0x08000243   Thumb Code     0  startup_stm32f407xx.o(.text)
    USART3_IRQHandler                        0x08000243   Thumb Code     0  startup_stm32f407xx.o(.text)
    WWDG_IRQHandler                          0x08000243   Thumb Code     0  startup_stm32f407xx.o(.text)
    __user_initial_stackheap                 0x08000245   Thumb Code     0  startup_stm32f407xx.o(.text)
    __aeabi_uldivmod                         0x08000269   Thumb Code     0  lludivv7m.o(.text)
    _ll_udiv                                 0x08000269   Thumb Code   240  lludivv7m.o(.text)
    __aeabi_memclr4                          0x08000359   Thumb Code     0  rt_memclr_w.o(.text)
    __aeabi_memclr8                          0x08000359   Thumb Code     0  rt_memclr_w.o(.text)
    __rt_memclr_w                            0x08000359   Thumb Code     0  rt_memclr_w.o(.text)
    _memset_w                                0x0800035d   Thumb Code    74  rt_memclr_w.o(.text)
    __use_two_region_memory                  0x080003a7   Thumb Code     2  heapauxi.o(.text)
    __rt_heap_escrow$2region                 0x080003a9   Thumb Code     2  heapauxi.o(.text)
    __rt_heap_expand$2region                 0x080003ab   Thumb Code     2  heapauxi.o(.text)
    __read_errno                             0x080003ad   Thumb Code    10  _rserrno.o(.text)
    __set_errno                              0x080003b7   Thumb Code    12  _rserrno.o(.text)
    __aeabi_errno_addr                       0x080003c5   Thumb Code     8  rt_errno_addr_intlibspace.o(.text)
    __errno$intlibspace                      0x080003c5   Thumb Code     0  rt_errno_addr_intlibspace.o(.text)
    __rt_errno_addr$intlibspace              0x080003c5   Thumb Code     0  rt_errno_addr_intlibspace.o(.text)
    __user_libspace                          0x080003cd   Thumb Code     8  libspace.o(.text)
    __user_perproc_libspace                  0x080003cd   Thumb Code     0  libspace.o(.text)
    __user_perthread_libspace                0x080003cd   Thumb Code     0  libspace.o(.text)
    __user_setup_stackheap                   0x080003d5   Thumb Code    74  sys_stackheap_outer.o(.text)
    exit                                     0x0800041f   Thumb Code    18  exit.o(.text)
    _sys_exit                                0x08000431   Thumb Code     8  sys_exit.o(.text)
    __I$use$semihosting                      0x0800043d   Thumb Code     0  use_no_semi.o(.text)
    __use_no_semihosting_swi                 0x0800043d   Thumb Code     2  use_no_semi.o(.text)
    __semihosting_library_function           0x0800043f   Thumb Code     0  indicate_semi.o(.text)
    BusFault_Handler                         0x08000441   Thumb Code     4  stm32f4xx_it.o(.text.BusFault_Handler)
    CAN1_RX0_IRQHandler                      0x08000445   Thumb Code    16  stm32f4xx_it.o(.text.CAN1_RX0_IRQHandler)
    CAN1_RX1_IRQHandler                      0x08000455   Thumb Code    16  stm32f4xx_it.o(.text.CAN1_RX1_IRQHandler)
    CAN2_RX0_IRQHandler                      0x08000465   Thumb Code    16  stm32f4xx_it.o(.text.CAN2_RX0_IRQHandler)
    CAN2_RX1_IRQHandler                      0x08000475   Thumb Code    16  stm32f4xx_it.o(.text.CAN2_RX1_IRQHandler)
    CAN_cmd_chassis                          0x08000485   Thumb Code   118  can_receive.o(.text.CAN_cmd_chassis)
    DMA2_Stream1_IRQHandler                  0x080004fd   Thumb Code    16  stm32f4xx_it.o(.text.DMA2_Stream1_IRQHandler)
    DMA2_Stream6_IRQHandler                  0x0800050d   Thumb Code    16  stm32f4xx_it.o(.text.DMA2_Stream6_IRQHandler)
    DebugMon_Handler                         0x080006b5   Thumb Code     2  stm32f4xx_it.o(.text.DebugMon_Handler)
    EXTI0_IRQHandler                         0x080006b9   Thumb Code    10  stm32f4xx_it.o(.text.EXTI0_IRQHandler)
    Error_Handler                            0x080006c5   Thumb Code     6  main.o(.text.Error_Handler)
    HAL_CAN_ActivateNotification             0x080006cd   Thumb Code    82  stm32f4xx_hal_can.o(.text.HAL_CAN_ActivateNotification)
    HAL_CAN_AddTxMessage                     0x08000721   Thumb Code   342  stm32f4xx_hal_can.o(.text.HAL_CAN_AddTxMessage)
    HAL_CAN_ConfigFilter                     0x08000879   Thumb Code   414  stm32f4xx_hal_can.o(.text.HAL_CAN_ConfigFilter)
    HAL_CAN_ErrorCallback                    0x08000a19   Thumb Code     8  stm32f4xx_hal_can.o(.text.HAL_CAN_ErrorCallback)
    HAL_CAN_GetRxMessage                     0x08000a21   Thumb Code   530  stm32f4xx_hal_can.o(.text.HAL_CAN_GetRxMessage)
    HAL_CAN_IRQHandler                       0x08000c35   Thumb Code  1010  stm32f4xx_hal_can.o(.text.HAL_CAN_IRQHandler)
    HAL_CAN_Init                             0x08001029   Thumb Code   478  stm32f4xx_hal_can.o(.text.HAL_CAN_Init)
    HAL_CAN_MspInit                          0x08001209   Thumb Code   424  can.o(.text.HAL_CAN_MspInit)
    HAL_CAN_RxFifo0FullCallback              0x080013b1   Thumb Code     8  stm32f4xx_hal_can.o(.text.HAL_CAN_RxFifo0FullCallback)
    HAL_CAN_RxFifo0MsgPendingCallback        0x080013b9   Thumb Code   332  can_receive.o(.text.HAL_CAN_RxFifo0MsgPendingCallback)
    HAL_CAN_RxFifo1FullCallback              0x08001505   Thumb Code     8  stm32f4xx_hal_can.o(.text.HAL_CAN_RxFifo1FullCallback)
    HAL_CAN_RxFifo1MsgPendingCallback        0x0800150d   Thumb Code     8  stm32f4xx_hal_can.o(.text.HAL_CAN_RxFifo1MsgPendingCallback)
    HAL_CAN_SleepCallback                    0x08001515   Thumb Code     8  stm32f4xx_hal_can.o(.text.HAL_CAN_SleepCallback)
    HAL_CAN_Start                            0x0800151d   Thumb Code   138  stm32f4xx_hal_can.o(.text.HAL_CAN_Start)
    HAL_CAN_TxMailbox0AbortCallback          0x080015a9   Thumb Code     8  stm32f4xx_hal_can.o(.text.HAL_CAN_TxMailbox0AbortCallback)
    HAL_CAN_TxMailbox0CompleteCallback       0x080015b1   Thumb Code     8  stm32f4xx_hal_can.o(.text.HAL_CAN_TxMailbox0CompleteCallback)
    HAL_CAN_TxMailbox1AbortCallback          0x080015b9   Thumb Code     8  stm32f4xx_hal_can.o(.text.HAL_CAN_TxMailbox1AbortCallback)
    HAL_CAN_TxMailbox1CompleteCallback       0x080015c1   Thumb Code     8  stm32f4xx_hal_can.o(.text.HAL_CAN_TxMailbox1CompleteCallback)
    HAL_CAN_TxMailbox2AbortCallback          0x080015c9   Thumb Code     8  stm32f4xx_hal_can.o(.text.HAL_CAN_TxMailbox2AbortCallback)
    HAL_CAN_TxMailbox2CompleteCallback       0x080015d1   Thumb Code     8  stm32f4xx_hal_can.o(.text.HAL_CAN_TxMailbox2CompleteCallback)
    HAL_CAN_WakeUpFromRxMsgCallback          0x080015d9   Thumb Code     8  stm32f4xx_hal_can.o(.text.HAL_CAN_WakeUpFromRxMsgCallback)
    HAL_DMA_Abort                            0x080015e1   Thumb Code   236  stm32f4xx_hal_dma.o(.text.HAL_DMA_Abort)
    HAL_DMA_Abort_IT                         0x080016cd   Thumb Code    68  stm32f4xx_hal_dma.o(.text.HAL_DMA_Abort_IT)
    HAL_DMA_IRQHandler                       0x08001711   Thumb Code   798  stm32f4xx_hal_dma.o(.text.HAL_DMA_IRQHandler)
    HAL_DMA_Init                             0x08001a31   Thumb Code   366  stm32f4xx_hal_dma.o(.text.HAL_DMA_Init)
    HAL_DMA_Start_IT                         0x08001ba1   Thumb Code   194  stm32f4xx_hal_dma.o(.text.HAL_DMA_Start_IT)
    HAL_Delay                                0x08001c65   Thumb Code    66  stm32f4xx_hal.o(.text.HAL_Delay)
    HAL_GPIO_EXTI_Callback                   0x08001ca9   Thumb Code    42  main.o(.text.HAL_GPIO_EXTI_Callback)
    HAL_GPIO_EXTI_IRQHandler                 0x08001cd5   Thumb Code    56  stm32f4xx_hal_gpio.o(.text.HAL_GPIO_EXTI_IRQHandler)
    HAL_GPIO_Init                            0x08001d0d   Thumb Code   950  stm32f4xx_hal_gpio.o(.text.HAL_GPIO_Init)
    HAL_GPIO_TogglePin                       0x080020c5   Thumb Code    38  stm32f4xx_hal_gpio.o(.text.HAL_GPIO_TogglePin)
    HAL_GPIO_WritePin                        0x080020ed   Thumb Code    46  stm32f4xx_hal_gpio.o(.text.HAL_GPIO_WritePin)
    HAL_GetTick                              0x0800211d   Thumb Code    12  stm32f4xx_hal.o(.text.HAL_GetTick)
    HAL_IncTick                              0x08002129   Thumb Code    26  stm32f4xx_hal.o(.text.HAL_IncTick)
    HAL_Init                                 0x08002145   Thumb Code    54  stm32f4xx_hal.o(.text.HAL_Init)
    HAL_InitTick                             0x0800217d   Thumb Code   112  stm32f4xx_hal.o(.text.HAL_InitTick)
    HAL_MspInit                              0x080021ed   Thumb Code    74  stm32f4xx_hal_msp.o(.text.HAL_MspInit)
    HAL_NVIC_EnableIRQ                       0x08002239   Thumb Code    20  stm32f4xx_hal_cortex.o(.text.HAL_NVIC_EnableIRQ)
    HAL_NVIC_SetPriority                     0x0800224d   Thumb Code    50  stm32f4xx_hal_cortex.o(.text.HAL_NVIC_SetPriority)
    HAL_NVIC_SetPriorityGrouping             0x08002281   Thumb Code    16  stm32f4xx_hal_cortex.o(.text.HAL_NVIC_SetPriorityGrouping)
    HAL_RCC_ClockConfig                      0x08002291   Thumb Code   610  stm32f4xx_hal_rcc.o(.text.HAL_RCC_ClockConfig)
    HAL_RCC_GetHCLKFreq                      0x080024f5   Thumb Code    12  stm32f4xx_hal_rcc.o(.text.HAL_RCC_GetHCLKFreq)
    HAL_RCC_GetPCLK1Freq                     0x08002501   Thumb Code    34  stm32f4xx_hal_rcc.o(.text.HAL_RCC_GetPCLK1Freq)
    HAL_RCC_GetPCLK2Freq                     0x08002525   Thumb Code    34  stm32f4xx_hal_rcc.o(.text.HAL_RCC_GetPCLK2Freq)
    HAL_RCC_GetSysClockFreq                  0x08002549   Thumb Code   230  stm32f4xx_hal_rcc.o(.text.HAL_RCC_GetSysClockFreq)
    HAL_RCC_OscConfig                        0x08002631   Thumb Code  1726  stm32f4xx_hal_rcc.o(.text.HAL_RCC_OscConfig)
    HAL_SYSTICK_Config                       0x08002cf1   Thumb Code    16  stm32f4xx_hal_cortex.o(.text.HAL_SYSTICK_Config)
    HAL_TIMEx_BreakCallback                  0x08002d01   Thumb Code     8  stm32f4xx_hal_tim_ex.o(.text.HAL_TIMEx_BreakCallback)
    HAL_TIMEx_CommutCallback                 0x08002d09   Thumb Code     8  stm32f4xx_hal_tim_ex.o(.text.HAL_TIMEx_CommutCallback)
    HAL_TIMEx_MasterConfigSynchronization    0x08002d11   Thumb Code   290  stm32f4xx_hal_tim_ex.o(.text.HAL_TIMEx_MasterConfigSynchronization)
    HAL_TIM_Base_Init                        0x08002e35   Thumb Code   156  stm32f4xx_hal_tim.o(.text.HAL_TIM_Base_Init)
    HAL_TIM_Base_MspInit                     0x08002ed1   Thumb Code   222  tim.o(.text.HAL_TIM_Base_MspInit)
    HAL_TIM_Base_Start_IT                    0x08002fb1   Thumb Code   246  stm32f4xx_hal_tim.o(.text.HAL_TIM_Base_Start_IT)
    HAL_TIM_ConfigClockSource                0x080030a9   Thumb Code   388  stm32f4xx_hal_tim.o(.text.HAL_TIM_ConfigClockSource)
    HAL_TIM_IC_CaptureCallback               0x0800322d   Thumb Code     8  stm32f4xx_hal_tim.o(.text.HAL_TIM_IC_CaptureCallback)
    HAL_TIM_IRQHandler                       0x08003235   Thumb Code   538  stm32f4xx_hal_tim.o(.text.HAL_TIM_IRQHandler)
    HAL_TIM_OC_DelayElapsedCallback          0x08003451   Thumb Code     8  stm32f4xx_hal_tim.o(.text.HAL_TIM_OC_DelayElapsedCallback)
    HAL_TIM_PWM_PulseFinishedCallback        0x08003459   Thumb Code     8  stm32f4xx_hal_tim.o(.text.HAL_TIM_PWM_PulseFinishedCallback)
    HAL_TIM_PeriodElapsedCallback            0x08003461   Thumb Code   408  main.o(.text.HAL_TIM_PeriodElapsedCallback)
    HAL_TIM_TriggerCallback                  0x080035f9   Thumb Code     8  stm32f4xx_hal_tim.o(.text.HAL_TIM_TriggerCallback)
    HAL_UARTEx_RxEventCallback               0x08003601   Thumb Code    12  stm32f4xx_hal_uart.o(.text.HAL_UARTEx_RxEventCallback)
    HAL_UART_ErrorCallback                   0x0800360d   Thumb Code     8  stm32f4xx_hal_uart.o(.text.HAL_UART_ErrorCallback)
    HAL_UART_IRQHandler                      0x08003615   Thumb Code  1116  stm32f4xx_hal_uart.o(.text.HAL_UART_IRQHandler)
    HAL_UART_Init                            0x08003a71   Thumb Code   158  stm32f4xx_hal_uart.o(.text.HAL_UART_Init)
    HAL_UART_MspInit                         0x08003b11   Thumb Code   342  usart.o(.text.HAL_UART_MspInit)
    HAL_UART_RxCpltCallback                  0x08003c69   Thumb Code     8  stm32f4xx_hal_uart.o(.text.HAL_UART_RxCpltCallback)
    HAL_UART_Transmit_DMA                    0x08003c71   Thumb Code   252  stm32f4xx_hal_uart.o(.text.HAL_UART_Transmit_DMA)
    HAL_UART_TxCpltCallback                  0x08003d6d   Thumb Code    40  serialplot.o(.text.HAL_UART_TxCpltCallback)
    HAL_UART_TxHalfCpltCallback              0x08003d95   Thumb Code     8  stm32f4xx_hal_uart.o(.text.HAL_UART_TxHalfCpltCallback)
    HardFault_Handler                        0x08003d9d   Thumb Code     4  stm32f4xx_it.o(.text.HardFault_Handler)
    MX_CAN1_Init                             0x08003da1   Thumb Code    78  can.o(.text.MX_CAN1_Init)
    MX_CAN2_Init                             0x08003df1   Thumb Code    78  can.o(.text.MX_CAN2_Init)
    MX_DMA_Init                              0x08003e41   Thumb Code    80  dma.o(.text.MX_DMA_Init)
    MX_GPIO_Init                             0x08003e91   Thumb Code   282  gpio.o(.text.MX_GPIO_Init)
    MX_TIM1_Init                             0x08003fad   Thumb Code   136  tim.o(.text.MX_TIM1_Init)
    MX_TIM2_Init                             0x08004035   Thumb Code   130  tim.o(.text.MX_TIM2_Init)
    MX_TIM3_Init                             0x080040b9   Thumb Code   134  tim.o(.text.MX_TIM3_Init)
    MX_USART6_UART_Init                      0x08004141   Thumb Code    64  usart.o(.text.MX_USART6_UART_Init)
    MemManage_Handler                        0x08004181   Thumb Code     4  stm32f4xx_it.o(.text.MemManage_Handler)
    NMI_Handler                              0x08004185   Thumb Code     4  stm32f4xx_it.o(.text.NMI_Handler)
    PID_Compute_speed                        0x080041f5   Thumb Code   264  pid_control.o(.text.PID_Compute_speed)
    PID_Compute_torque                       0x080042fd   Thumb Code   264  pid_control.o(.text.PID_Compute_torque)
    PID_Init_speed                           0x08004405   Thumb Code    48  pid_control.o(.text.PID_Init_speed)
    PID_Init_torque                          0x08004435   Thumb Code    48  pid_control.o(.text.PID_Init_torque)
    PendSV_Handler                           0x08004465   Thumb Code     2  stm32f4xx_it.o(.text.PendSV_Handler)
    SVC_Handler                              0x08004469   Thumb Code     2  stm32f4xx_it.o(.text.SVC_Handler)
    SysTick_Handler                          0x080044c1   Thumb Code     8  stm32f4xx_it.o(.text.SysTick_Handler)
    SystemClock_Config                       0x080044c9   Thumb Code   188  main.o(.text.SystemClock_Config)
    SystemInit                               0x08004585   Thumb Code    18  system_stm32f4xx.o(.text.SystemInit)
    TIM1_UP_TIM10_IRQHandler                 0x08004599   Thumb Code    16  stm32f4xx_it.o(.text.TIM1_UP_TIM10_IRQHandler)
    TIM2_IRQHandler                          0x080045a9   Thumb Code    16  stm32f4xx_it.o(.text.TIM2_IRQHandler)
    TIM3_IRQHandler                          0x080045b9   Thumb Code    16  stm32f4xx_it.o(.text.TIM3_IRQHandler)
    TIM_Base_SetConfig                       0x080045c9   Thumb Code   420  stm32f4xx_hal_tim.o(.text.TIM_Base_SetConfig)
    TIM_ETR_SetConfig                        0x0800476d   Thumb Code    52  stm32f4xx_hal_tim.o(.text.TIM_ETR_SetConfig)
    USART6_IRQHandler                        0x08004dc9   Thumb Code    16  stm32f4xx_it.o(.text.USART6_IRQHandler)
    UsageFault_Handler                       0x08004dd9   Thumb Code     4  stm32f4xx_it.o(.text.UsageFault_Handler)
    can_filter_init                          0x08004e9d   Thumb Code   100  bsp_can.o(.text.can_filter_init)
    get_UART_TX_DATA_ptr                     0x08004f01   Thumb Code    10  can_receive.o(.text.get_UART_TX_DATA_ptr)
    get_UART_TX_DATA_size                    0x08004f0d   Thumb Code     4  can_receive.o(.text.get_UART_TX_DATA_size)
    get_chassis_motor_measure_point          0x08004f11   Thumb Code    34  can_receive.o(.text.get_chassis_motor_measure_point)
    main                                     0x08004f39   Thumb Code   368  main.o(.text.main)
    __ARM_fpclassify                         0x080050a9   Thumb Code    48  fpclassify.o(i.__ARM_fpclassify)
    __hardfp_sin                             0x080050d9   Thumb Code   180  sin.o(i.__hardfp_sin)
    __ieee754_rem_pio2                       0x080051a1   Thumb Code   938  rred.o(i.__ieee754_rem_pio2)
    __kernel_cos                             0x080055d9   Thumb Code   322  cos_i.o(i.__kernel_cos)
    __kernel_poly                            0x08005749   Thumb Code   248  poly.o(i.__kernel_poly)
    __kernel_sin                             0x08005841   Thumb Code   280  sin_i.o(i.__kernel_sin)
    __mathlib_dbl_infnan                     0x08005971   Thumb Code    20  dunder.o(i.__mathlib_dbl_infnan)
    __mathlib_dbl_invalid                    0x08005989   Thumb Code    24  dunder.o(i.__mathlib_dbl_invalid)
    __mathlib_dbl_underflow                  0x080059a9   Thumb Code    24  dunder.o(i.__mathlib_dbl_underflow)
    fabs                                     0x080059c9   Thumb Code    24  fabs.o(i.fabs)
    __aeabi_dneg                             0x080059e1   Thumb Code     0  basic.o(x$fpl$basic)
    _dneg                                    0x080059e1   Thumb Code     6  basic.o(x$fpl$basic)
    __aeabi_fneg                             0x080059e7   Thumb Code     0  basic.o(x$fpl$basic)
    _fneg                                    0x080059e7   Thumb Code     6  basic.o(x$fpl$basic)
    _dabs                                    0x080059ed   Thumb Code     6  basic.o(x$fpl$basic)
    _fabs                                    0x080059f3   Thumb Code     6  basic.o(x$fpl$basic)
    __aeabi_d2f                              0x080059f9   Thumb Code     0  d2f.o(x$fpl$d2f)
    _d2f                                     0x080059f9   Thumb Code    98  d2f.o(x$fpl$d2f)
    __aeabi_dadd                             0x08005a5d   Thumb Code     0  daddsub_clz.o(x$fpl$dadd)
    _dadd                                    0x08005a5d   Thumb Code   332  daddsub_clz.o(x$fpl$dadd)
    __aeabi_ddiv                             0x08005bad   Thumb Code     0  ddiv.o(x$fpl$ddiv)
    _ddiv                                    0x08005bad   Thumb Code   556  ddiv.o(x$fpl$ddiv)
    __aeabi_d2iz                             0x08005e61   Thumb Code     0  dfix.o(x$fpl$dfix)
    _dfix                                    0x08005e61   Thumb Code    94  dfix.o(x$fpl$dfix)
    __aeabi_i2d                              0x08005ebf   Thumb Code     0  dflt_clz.o(x$fpl$dflt)
    _dflt                                    0x08005ebf   Thumb Code    46  dflt_clz.o(x$fpl$dflt)
    __aeabi_ui2d                             0x08005eed   Thumb Code     0  dflt_clz.o(x$fpl$dfltu)
    _dfltu                                   0x08005eed   Thumb Code    38  dflt_clz.o(x$fpl$dfltu)
    __aeabi_dmul                             0x08005f15   Thumb Code     0  dmul.o(x$fpl$dmul)
    _dmul                                    0x08005f15   Thumb Code   332  dmul.o(x$fpl$dmul)
    __fpl_dnaninf                            0x08006069   Thumb Code   156  dnaninf.o(x$fpl$dnaninf)
    __fpl_dretinf                            0x08006105   Thumb Code    12  dretinf.o(x$fpl$dretinf)
    __aeabi_drsub                            0x08006111   Thumb Code     0  daddsub_clz.o(x$fpl$drsb)
    _drsb                                    0x08006111   Thumb Code    22  daddsub_clz.o(x$fpl$drsb)
    __aeabi_dsub                             0x08006129   Thumb Code     0  daddsub_clz.o(x$fpl$dsub)
    _dsub                                    0x08006129   Thumb Code   472  daddsub_clz.o(x$fpl$dsub)
    __aeabi_f2d                              0x08006305   Thumb Code     0  f2d.o(x$fpl$f2d)
    _f2d                                     0x08006305   Thumb Code    86  f2d.o(x$fpl$f2d)
    __fpl_fnaninf                            0x0800635b   Thumb Code   140  fnaninf.o(x$fpl$fnaninf)
    _fp_init                                 0x080063e7   Thumb Code    26  fpinit.o(x$fpl$fpinit)
    __fplib_config_fpu_vfp                   0x080063ff   Thumb Code     0  fpinit.o(x$fpl$fpinit)
    __fplib_config_pureend_doubles           0x080063ff   Thumb Code     0  fpinit.o(x$fpl$fpinit)
    __fpl_fretinf                            0x08006401   Thumb Code    10  fretinf.o(x$fpl$fretinf)
    __I$use$fp                               0x0800640a   Number         0  usenofp.o(x$fpl$usenofp)
    AHBPrescTable                            0x08006538   Data          16  system_stm32f4xx.o(.rodata.AHBPrescTable)
    APBPrescTable                            0x08006548   Data           8  system_stm32f4xx.o(.rodata.APBPrescTable)
    Region$$Table$$Base                      0x08006558   Number         0  anon$$obj.o(Region$$Table)
    Region$$Table$$Limit                     0x08006578   Number         0  anon$$obj.o(Region$$Table)
    SystemCoreClock                          0x20000000   Data           4  system_stm32f4xx.o(.data.SystemCoreClock)
    uwTickFreq                               0x20000004   Data           1  stm32f4xx_hal.o(.data.uwTickFreq)
    uwTickPrio                               0x20000008   Data           4  stm32f4xx_hal.o(.data.uwTickPrio)
    __libspace_start                         0x20000010   Data          96  libspace.o(.bss)
    __temporary_stack_top$libspace           0x20000070   Data           0  libspace.o(.bss)
    UART_TX_DATA                             0x200000b0   Data          10  can_receive.o(.bss.UART_TX_DATA)
    counter                                  0x200000dc   Data           4  main.o(.bss.counter)
    exti_flag                                0x200000e0   Data           1  main.o(.bss.exti_flag)
    hcan1                                    0x200000e4   Data          40  can.o(.bss.hcan1)
    hcan2                                    0x2000010c   Data          40  can.o(.bss.hcan2)
    hdma_usart6_rx                           0x20000134   Data          96  usart.o(.bss.hdma_usart6_rx)
    hdma_usart6_tx                           0x20000194   Data          96  usart.o(.bss.hdma_usart6_tx)
    htim1                                    0x200001f4   Data          72  tim.o(.bss.htim1)
    htim2                                    0x2000023c   Data          72  tim.o(.bss.htim2)
    htim3                                    0x20000284   Data          72  tim.o(.bss.htim3)
    huart6                                   0x200002cc   Data          72  usart.o(.bss.huart6)
    output                                   0x2000037c   Data           4  main.o(.bss.output)
    serialplot_dma_busy                      0x20000380   Data           1  serialplot.o(.bss.serialplot_dma_busy)
    speed_target                             0x20000384   Data           4  main.o(.bss.speed_target)
    uwTick                                   0x20000388   Data           4  stm32f4xx_hal.o(.bss.uwTick)



==============================================================================

Memory Map of the image

  Image Entry point : 0x08000189

  Load Region LR_IROM1 (Base: 0x08000000, Size: 0x00006588, Max: 0x00100000, ABSOLUTE)

    Execution Region ER_IROM1 (Exec base: 0x08000000, Load base: 0x08000000, Size: 0x00006578, Max: 0x00100000, ABSOLUTE)

    Exec Addr    Load Addr    Size         Type   Attr      Idx    E Section Name        Object

    0x08000000   0x08000000   0x00000188   Data   RO            3    RESET               startup_stm32f407xx.o
    0x08000188   0x08000188   0x00000008   Code   RO         1234  * !!!main             c_w.l(__main.o)
    0x08000190   0x08000190   0x00000034   Code   RO         1494    !!!scatter          c_w.l(__scatter.o)
    0x080001c4   0x080001c4   0x0000001a   Code   RO         1496    !!handler_copy      c_w.l(__scatter_copy.o)
    0x080001de   0x080001de   0x00000002   PAD
    0x080001e0   0x080001e0   0x0000001c   Code   RO         1498    !!handler_zi        c_w.l(__scatter_zi.o)
    0x080001fc   0x080001fc   0x00000002   Code   RO         1359    .ARM.Collect$$libinit$$00000000  c_w.l(libinit.o)
    0x080001fe   0x080001fe   0x00000004   Code   RO         1368    .ARM.Collect$$libinit$$00000001  c_w.l(libinit2.o)
    0x08000202   0x08000202   0x00000000   Code   RO         1371    .ARM.Collect$$libinit$$00000004  c_w.l(libinit2.o)
    0x08000202   0x08000202   0x00000000   Code   RO         1373    .ARM.Collect$$libinit$$00000006  c_w.l(libinit2.o)
    0x08000202   0x08000202   0x00000000   Code   RO         1376    .ARM.Collect$$libinit$$0000000C  c_w.l(libinit2.o)
    0x08000202   0x08000202   0x00000000   Code   RO         1378    .ARM.Collect$$libinit$$0000000E  c_w.l(libinit2.o)
    0x08000202   0x08000202   0x00000000   Code   RO         1380    .ARM.Collect$$libinit$$00000010  c_w.l(libinit2.o)
    0x08000202   0x08000202   0x00000000   Code   RO         1383    .ARM.Collect$$libinit$$00000013  c_w.l(libinit2.o)
    0x08000202   0x08000202   0x00000000   Code   RO         1385    .ARM.Collect$$libinit$$00000015  c_w.l(libinit2.o)
    0x08000202   0x08000202   0x00000000   Code   RO         1387    .ARM.Collect$$libinit$$00000017  c_w.l(libinit2.o)
    0x08000202   0x08000202   0x00000000   Code   RO         1389    .ARM.Collect$$libinit$$00000019  c_w.l(libinit2.o)
    0x08000202   0x08000202   0x00000000   Code   RO         1391    .ARM.Collect$$libinit$$0000001B  c_w.l(libinit2.o)
    0x08000202   0x08000202   0x00000000   Code   RO         1393    .ARM.Collect$$libinit$$0000001D  c_w.l(libinit2.o)
    0x08000202   0x08000202   0x00000000   Code   RO         1395    .ARM.Collect$$libinit$$0000001F  c_w.l(libinit2.o)
    0x08000202   0x08000202   0x00000000   Code   RO         1397    .ARM.Collect$$libinit$$00000021  c_w.l(libinit2.o)
    0x08000202   0x08000202   0x00000000   Code   RO         1399    .ARM.Collect$$libinit$$00000023  c_w.l(libinit2.o)
    0x08000202   0x08000202   0x00000000   Code   RO         1401    .ARM.Collect$$libinit$$00000025  c_w.l(libinit2.o)
    0x08000202   0x08000202   0x00000000   Code   RO         1403    .ARM.Collect$$libinit$$00000027  c_w.l(libinit2.o)
    0x08000202   0x08000202   0x00000000   Code   RO         1407    .ARM.Collect$$libinit$$0000002E  c_w.l(libinit2.o)
    0x08000202   0x08000202   0x00000000   Code   RO         1409    .ARM.Collect$$libinit$$00000030  c_w.l(libinit2.o)
    0x08000202   0x08000202   0x00000000   Code   RO         1411    .ARM.Collect$$libinit$$00000032  c_w.l(libinit2.o)
    0x08000202   0x08000202   0x00000000   Code   RO         1413    .ARM.Collect$$libinit$$00000034  c_w.l(libinit2.o)
    0x08000202   0x08000202   0x00000002   Code   RO         1414    .ARM.Collect$$libinit$$00000035  c_w.l(libinit2.o)
    0x08000204   0x08000204   0x00000002   Code   RO         1449    .ARM.Collect$$libshutdown$$00000000  c_w.l(libshutdown.o)
    0x08000206   0x08000206   0x00000000   Code   RO         1477    .ARM.Collect$$libshutdown$$00000002  c_w.l(libshutdown2.o)
    0x08000206   0x08000206   0x00000000   Code   RO         1479    .ARM.Collect$$libshutdown$$00000004  c_w.l(libshutdown2.o)
    0x08000206   0x08000206   0x00000000   Code   RO         1482    .ARM.Collect$$libshutdown$$00000007  c_w.l(libshutdown2.o)
    0x08000206   0x08000206   0x00000000   Code   RO         1485    .ARM.Collect$$libshutdown$$0000000A  c_w.l(libshutdown2.o)
    0x08000206   0x08000206   0x00000000   Code   RO         1487    .ARM.Collect$$libshutdown$$0000000C  c_w.l(libshutdown2.o)
    0x08000206   0x08000206   0x00000000   Code   RO         1490    .ARM.Collect$$libshutdown$$0000000F  c_w.l(libshutdown2.o)
    0x08000206   0x08000206   0x00000002   Code   RO         1491    .ARM.Collect$$libshutdown$$00000010  c_w.l(libshutdown2.o)
    0x08000208   0x08000208   0x00000000   Code   RO         1252    .ARM.Collect$$rtentry$$00000000  c_w.l(__rtentry.o)
    0x08000208   0x08000208   0x00000000   Code   RO         1296    .ARM.Collect$$rtentry$$00000002  c_w.l(__rtentry2.o)
    0x08000208   0x08000208   0x00000006   Code   RO         1308    .ARM.Collect$$rtentry$$00000004  c_w.l(__rtentry4.o)
    0x0800020e   0x0800020e   0x00000000   Code   RO         1298    .ARM.Collect$$rtentry$$00000009  c_w.l(__rtentry2.o)
    0x0800020e   0x0800020e   0x00000004   Code   RO         1299    .ARM.Collect$$rtentry$$0000000A  c_w.l(__rtentry2.o)
    0x08000212   0x08000212   0x00000000   Code   RO         1301    .ARM.Collect$$rtentry$$0000000C  c_w.l(__rtentry2.o)
    0x08000212   0x08000212   0x00000008   Code   RO         1302    .ARM.Collect$$rtentry$$0000000D  c_w.l(__rtentry2.o)
    0x0800021a   0x0800021a   0x00000002   Code   RO         1360    .ARM.Collect$$rtexit$$00000000  c_w.l(rtexit.o)
    0x0800021c   0x0800021c   0x00000000   Code   RO         1420    .ARM.Collect$$rtexit$$00000002  c_w.l(rtexit2.o)
    0x0800021c   0x0800021c   0x00000004   Code   RO         1421    .ARM.Collect$$rtexit$$00000003  c_w.l(rtexit2.o)
    0x08000220   0x08000220   0x00000006   Code   RO         1422    .ARM.Collect$$rtexit$$00000004  c_w.l(rtexit2.o)
    0x08000226   0x08000226   0x00000002   PAD
    0x08000228   0x08000228   0x00000040   Code   RO            4    .text               startup_stm32f407xx.o
    0x08000268   0x08000268   0x000000f0   Code   RO         1228    .text               c_w.l(lludivv7m.o)
    0x08000358   0x08000358   0x0000004e   Code   RO         1230    .text               c_w.l(rt_memclr_w.o)
    0x080003a6   0x080003a6   0x00000006   Code   RO         1232    .text               c_w.l(heapauxi.o)
    0x080003ac   0x080003ac   0x00000016   Code   RO         1257    .text               c_w.l(_rserrno.o)
    0x080003c2   0x080003c2   0x00000002   PAD
    0x080003c4   0x080003c4   0x00000008   Code   RO         1315    .text               c_w.l(rt_errno_addr_intlibspace.o)
    0x080003cc   0x080003cc   0x00000008   Code   RO         1343    .text               c_w.l(libspace.o)
    0x080003d4   0x080003d4   0x0000004a   Code   RO         1346    .text               c_w.l(sys_stackheap_outer.o)
    0x0800041e   0x0800041e   0x00000012   Code   RO         1348    .text               c_w.l(exit.o)
    0x08000430   0x08000430   0x0000000c   Code   RO         1415    .text               c_w.l(sys_exit.o)
    0x0800043c   0x0800043c   0x00000002   Code   RO         1438    .text               c_w.l(use_no_semi.o)
    0x0800043e   0x0800043e   0x00000000   Code   RO         1440    .text               c_w.l(indicate_semi.o)
    0x0800043e   0x0800043e   0x00000002   PAD
    0x08000440   0x08000440   0x00000004   Code   RO          111    .text.BusFault_Handler  stm32f4xx_it.o
    0x08000444   0x08000444   0x00000010   Code   RO          125    .text.CAN1_RX0_IRQHandler  stm32f4xx_it.o
    0x08000454   0x08000454   0x00000010   Code   RO          127    .text.CAN1_RX1_IRQHandler  stm32f4xx_it.o
    0x08000464   0x08000464   0x00000010   Code   RO          137    .text.CAN2_RX0_IRQHandler  stm32f4xx_it.o
    0x08000474   0x08000474   0x00000010   Code   RO          139    .text.CAN2_RX1_IRQHandler  stm32f4xx_it.o
    0x08000484   0x08000484   0x00000076   Code   RO         1162    .text.CAN_cmd_chassis  can_receive.o
    0x080004fa   0x080004fa   0x00000002   PAD
    0x080004fc   0x080004fc   0x00000010   Code   RO          135    .text.DMA2_Stream1_IRQHandler  stm32f4xx_it.o
    0x0800050c   0x0800050c   0x00000010   Code   RO          141    .text.DMA2_Stream6_IRQHandler  stm32f4xx_it.o
    0x0800051c   0x0800051c   0x00000056   Code   RO          417    .text.DMA_CalcBaseAndBitshift  stm32f4xx_hal_dma.o
    0x08000572   0x08000572   0x00000002   PAD
    0x08000574   0x08000574   0x000000f0   Code   RO          415    .text.DMA_CheckFifoParam  stm32f4xx_hal_dma.o
    0x08000664   0x08000664   0x00000050   Code   RO          423    .text.DMA_SetConfig  stm32f4xx_hal_dma.o
    0x080006b4   0x080006b4   0x00000002   Code   RO          117    .text.DebugMon_Handler  stm32f4xx_it.o
    0x080006b6   0x080006b6   0x00000002   PAD
    0x080006b8   0x080006b8   0x0000000a   Code   RO          123    .text.EXTI0_IRQHandler  stm32f4xx_it.o
    0x080006c2   0x080006c2   0x00000002   PAD
    0x080006c4   0x080006c4   0x00000006   Code   RO           15    .text.Error_Handler  main.o
    0x080006ca   0x080006ca   0x00000002   PAD
    0x080006cc   0x080006cc   0x00000052   Code   RO          194    .text.HAL_CAN_ActivateNotification  stm32f4xx_hal_can.o
    0x0800071e   0x0800071e   0x00000002   PAD
    0x08000720   0x08000720   0x00000156   Code   RO          180    .text.HAL_CAN_AddTxMessage  stm32f4xx_hal_can.o
    0x08000876   0x08000876   0x00000002   PAD
    0x08000878   0x08000878   0x0000019e   Code   RO          170    .text.HAL_CAN_ConfigFilter  stm32f4xx_hal_can.o
    0x08000a16   0x08000a16   0x00000002   PAD
    0x08000a18   0x08000a18   0x00000008   Code   RO          224    .text.HAL_CAN_ErrorCallback  stm32f4xx_hal_can.o
    0x08000a20   0x08000a20   0x00000212   Code   RO          190    .text.HAL_CAN_GetRxMessage  stm32f4xx_hal_can.o
    0x08000c32   0x08000c32   0x00000002   PAD
    0x08000c34   0x08000c34   0x000003f2   Code   RO          198    .text.HAL_CAN_IRQHandler  stm32f4xx_hal_can.o
    0x08001026   0x08001026   0x00000002   PAD
    0x08001028   0x08001028   0x000001de   Code   RO          160    .text.HAL_CAN_Init  stm32f4xx_hal_can.o
    0x08001206   0x08001206   0x00000002   PAD
    0x08001208   0x08001208   0x000001a8   Code   RO           47    .text.HAL_CAN_MspInit  can.o
    0x080013b0   0x080013b0   0x00000008   Code   RO          212    .text.HAL_CAN_RxFifo0FullCallback  stm32f4xx_hal_can.o
    0x080013b8   0x080013b8   0x0000014c   Code   RO         1172    .text.HAL_CAN_RxFifo0MsgPendingCallback  can_receive.o
    0x08001504   0x08001504   0x00000008   Code   RO          216    .text.HAL_CAN_RxFifo1FullCallback  stm32f4xx_hal_can.o
    0x0800150c   0x0800150c   0x00000008   Code   RO          218    .text.HAL_CAN_RxFifo1MsgPendingCallback  stm32f4xx_hal_can.o
    0x08001514   0x08001514   0x00000008   Code   RO          220    .text.HAL_CAN_SleepCallback  stm32f4xx_hal_can.o
    0x0800151c   0x0800151c   0x0000008a   Code   RO          172    .text.HAL_CAN_Start  stm32f4xx_hal_can.o
    0x080015a6   0x080015a6   0x00000002   PAD
    0x080015a8   0x080015a8   0x00000008   Code   RO          202    .text.HAL_CAN_TxMailbox0AbortCallback  stm32f4xx_hal_can.o
    0x080015b0   0x080015b0   0x00000008   Code   RO          200    .text.HAL_CAN_TxMailbox0CompleteCallback  stm32f4xx_hal_can.o
    0x080015b8   0x080015b8   0x00000008   Code   RO          206    .text.HAL_CAN_TxMailbox1AbortCallback  stm32f4xx_hal_can.o
    0x080015c0   0x080015c0   0x00000008   Code   RO          204    .text.HAL_CAN_TxMailbox1CompleteCallback  stm32f4xx_hal_can.o
    0x080015c8   0x080015c8   0x00000008   Code   RO          210    .text.HAL_CAN_TxMailbox2AbortCallback  stm32f4xx_hal_can.o
    0x080015d0   0x080015d0   0x00000008   Code   RO          208    .text.HAL_CAN_TxMailbox2CompleteCallback  stm32f4xx_hal_can.o
    0x080015d8   0x080015d8   0x00000008   Code   RO          222    .text.HAL_CAN_WakeUpFromRxMsgCallback  stm32f4xx_hal_can.o
    0x080015e0   0x080015e0   0x000000ec   Code   RO          427    .text.HAL_DMA_Abort  stm32f4xx_hal_dma.o
    0x080016cc   0x080016cc   0x00000044   Code   RO          429    .text.HAL_DMA_Abort_IT  stm32f4xx_hal_dma.o
    0x08001710   0x08001710   0x0000031e   Code   RO          433    .text.HAL_DMA_IRQHandler  stm32f4xx_hal_dma.o
    0x08001a2e   0x08001a2e   0x00000002   PAD
    0x08001a30   0x08001a30   0x0000016e   Code   RO          413    .text.HAL_DMA_Init  stm32f4xx_hal_dma.o
    0x08001b9e   0x08001b9e   0x00000002   PAD
    0x08001ba0   0x08001ba0   0x000000c2   Code   RO          425    .text.HAL_DMA_Start_IT  stm32f4xx_hal_dma.o
    0x08001c62   0x08001c62   0x00000002   PAD
    0x08001c64   0x08001c64   0x00000042   Code   RO          608    .text.HAL_Delay     stm32f4xx_hal.o
    0x08001ca6   0x08001ca6   0x00000002   PAD
    0x08001ca8   0x08001ca8   0x0000002a   Code   RO           19    .text.HAL_GPIO_EXTI_Callback  main.o
    0x08001cd2   0x08001cd2   0x00000002   PAD
    0x08001cd4   0x08001cd4   0x00000038   Code   RO          387    .text.HAL_GPIO_EXTI_IRQHandler  stm32f4xx_hal_gpio.o
    0x08001d0c   0x08001d0c   0x000003b6   Code   RO          375    .text.HAL_GPIO_Init  stm32f4xx_hal_gpio.o
    0x080020c2   0x080020c2   0x00000002   PAD
    0x080020c4   0x080020c4   0x00000026   Code   RO          383    .text.HAL_GPIO_TogglePin  stm32f4xx_hal_gpio.o
    0x080020ea   0x080020ea   0x00000002   PAD
    0x080020ec   0x080020ec   0x0000002e   Code   RO          381    .text.HAL_GPIO_WritePin  stm32f4xx_hal_gpio.o
    0x0800211a   0x0800211a   0x00000002   PAD
    0x0800211c   0x0800211c   0x0000000c   Code   RO          600    .text.HAL_GetTick   stm32f4xx_hal.o
    0x08002128   0x08002128   0x0000001a   Code   RO          598    .text.HAL_IncTick   stm32f4xx_hal.o
    0x08002142   0x08002142   0x00000002   PAD
    0x08002144   0x08002144   0x00000036   Code   RO          588    .text.HAL_Init      stm32f4xx_hal.o
    0x0800217a   0x0800217a   0x00000002   PAD
    0x0800217c   0x0800217c   0x00000070   Code   RO          590    .text.HAL_InitTick  stm32f4xx_hal.o
    0x080021ec   0x080021ec   0x0000004a   Code   RO          152    .text.HAL_MspInit   stm32f4xx_hal_msp.o
    0x08002236   0x08002236   0x00000002   PAD
    0x08002238   0x08002238   0x00000014   Code   RO          523    .text.HAL_NVIC_EnableIRQ  stm32f4xx_hal_cortex.o
    0x0800224c   0x0800224c   0x00000032   Code   RO          515    .text.HAL_NVIC_SetPriority  stm32f4xx_hal_cortex.o
    0x0800227e   0x0800227e   0x00000002   PAD
    0x08002280   0x08002280   0x00000010   Code   RO          511    .text.HAL_NVIC_SetPriorityGrouping  stm32f4xx_hal_cortex.o
    0x08002290   0x08002290   0x00000262   Code   RO          243    .text.HAL_RCC_ClockConfig  stm32f4xx_hal_rcc.o
    0x080024f2   0x080024f2   0x00000002   PAD
    0x080024f4   0x080024f4   0x0000000c   Code   RO          253    .text.HAL_RCC_GetHCLKFreq  stm32f4xx_hal_rcc.o
    0x08002500   0x08002500   0x00000022   Code   RO          255    .text.HAL_RCC_GetPCLK1Freq  stm32f4xx_hal_rcc.o
    0x08002522   0x08002522   0x00000002   PAD
    0x08002524   0x08002524   0x00000022   Code   RO          257    .text.HAL_RCC_GetPCLK2Freq  stm32f4xx_hal_rcc.o
    0x08002546   0x08002546   0x00000002   PAD
    0x08002548   0x08002548   0x000000e6   Code   RO          245    .text.HAL_RCC_GetSysClockFreq  stm32f4xx_hal_rcc.o
    0x0800262e   0x0800262e   0x00000002   PAD
    0x08002630   0x08002630   0x000006be   Code   RO          241    .text.HAL_RCC_OscConfig  stm32f4xx_hal_rcc.o
    0x08002cee   0x08002cee   0x00000002   PAD
    0x08002cf0   0x08002cf0   0x00000010   Code   RO          535    .text.HAL_SYSTICK_Config  stm32f4xx_hal_cortex.o
    0x08002d00   0x08002d00   0x00000008   Code   RO         1000    .text.HAL_TIMEx_BreakCallback  stm32f4xx_hal_tim_ex.o
    0x08002d08   0x08002d08   0x00000008   Code   RO          996    .text.HAL_TIMEx_CommutCallback  stm32f4xx_hal_tim_ex.o
    0x08002d10   0x08002d10   0x00000122   Code   RO          990    .text.HAL_TIMEx_MasterConfigSynchronization  stm32f4xx_hal_tim_ex.o
    0x08002e32   0x08002e32   0x00000002   PAD
    0x08002e34   0x08002e34   0x0000009c   Code   RO          677    .text.HAL_TIM_Base_Init  stm32f4xx_hal_tim.o
    0x08002ed0   0x08002ed0   0x000000de   Code   RO           75    .text.HAL_TIM_Base_MspInit  tim.o
    0x08002fae   0x08002fae   0x00000002   PAD
    0x08002fb0   0x08002fb0   0x000000f6   Code   RO          691    .text.HAL_TIM_Base_Start_IT  stm32f4xx_hal_tim.o
    0x080030a6   0x080030a6   0x00000002   PAD
    0x080030a8   0x080030a8   0x00000184   Code   RO          869    .text.HAL_TIM_ConfigClockSource  stm32f4xx_hal_tim.o
    0x0800322c   0x0800322c   0x00000008   Code   RO          813    .text.HAL_TIM_IC_CaptureCallback  stm32f4xx_hal_tim.o
    0x08003234   0x08003234   0x0000021a   Code   RO          811    .text.HAL_TIM_IRQHandler  stm32f4xx_hal_tim.o
    0x0800344e   0x0800344e   0x00000002   PAD
    0x08003450   0x08003450   0x00000008   Code   RO          815    .text.HAL_TIM_OC_DelayElapsedCallback  stm32f4xx_hal_tim.o
    0x08003458   0x08003458   0x00000008   Code   RO          817    .text.HAL_TIM_PWM_PulseFinishedCallback  stm32f4xx_hal_tim.o
    0x08003460   0x08003460   0x00000198   Code   RO           17    .text.HAL_TIM_PeriodElapsedCallback  main.o
    0x080035f8   0x080035f8   0x00000008   Code   RO          821    .text.HAL_TIM_TriggerCallback  stm32f4xx_hal_tim.o
    0x08003600   0x08003600   0x0000000c   Code   RO         1105    .text.HAL_UARTEx_RxEventCallback  stm32f4xx_hal_uart.o
    0x0800360c   0x0800360c   0x00000008   Code   RO         1103    .text.HAL_UART_ErrorCallback  stm32f4xx_hal_uart.o
    0x08003614   0x08003614   0x0000045c   Code   RO         1097    .text.HAL_UART_IRQHandler  stm32f4xx_hal_uart.o
    0x08003a70   0x08003a70   0x0000009e   Code   RO         1013    .text.HAL_UART_Init  stm32f4xx_hal_uart.o
    0x08003b0e   0x08003b0e   0x00000002   PAD
    0x08003b10   0x08003b10   0x00000156   Code   RO           91    .text.HAL_UART_MspInit  usart.o
    0x08003c66   0x08003c66   0x00000002   PAD
    0x08003c68   0x08003c68   0x00000008   Code   RO         1115    .text.HAL_UART_RxCpltCallback  stm32f4xx_hal_uart.o
    0x08003c70   0x08003c70   0x000000fc   Code   RO         1041    .text.HAL_UART_Transmit_DMA  stm32f4xx_hal_uart.o
    0x08003d6c   0x08003d6c   0x00000028   Code   RO         1194    .text.HAL_UART_TxCpltCallback  serialplot.o
    0x08003d94   0x08003d94   0x00000008   Code   RO         1113    .text.HAL_UART_TxHalfCpltCallback  stm32f4xx_hal_uart.o
    0x08003d9c   0x08003d9c   0x00000004   Code   RO          107    .text.HardFault_Handler  stm32f4xx_it.o
    0x08003da0   0x08003da0   0x0000004e   Code   RO           43    .text.MX_CAN1_Init  can.o
    0x08003dee   0x08003dee   0x00000002   PAD
    0x08003df0   0x08003df0   0x0000004e   Code   RO           45    .text.MX_CAN2_Init  can.o
    0x08003e3e   0x08003e3e   0x00000002   PAD
    0x08003e40   0x08003e40   0x00000050   Code   RO           61    .text.MX_DMA_Init   dma.o
    0x08003e90   0x08003e90   0x0000011a   Code   RO           35    .text.MX_GPIO_Init  gpio.o
    0x08003faa   0x08003faa   0x00000002   PAD
    0x08003fac   0x08003fac   0x00000088   Code   RO           69    .text.MX_TIM1_Init  tim.o
    0x08004034   0x08004034   0x00000082   Code   RO           71    .text.MX_TIM2_Init  tim.o
    0x080040b6   0x080040b6   0x00000002   PAD
    0x080040b8   0x080040b8   0x00000086   Code   RO           73    .text.MX_TIM3_Init  tim.o
    0x0800413e   0x0800413e   0x00000002   PAD
    0x08004140   0x08004140   0x00000040   Code   RO           89    .text.MX_USART6_UART_Init  usart.o
    0x08004180   0x08004180   0x00000004   Code   RO          109    .text.MemManage_Handler  stm32f4xx_it.o
    0x08004184   0x08004184   0x00000004   Code   RO          105    .text.NMI_Handler   stm32f4xx_it.o
    0x08004188   0x08004188   0x0000006c   Code   RO          521    .text.NVIC_EncodePriority  stm32f4xx_hal_cortex.o
    0x080041f4   0x080041f4   0x00000108   Code   RO         1216    .text.PID_Compute_speed  pid_control.o
    0x080042fc   0x080042fc   0x00000108   Code   RO         1218    .text.PID_Compute_torque  pid_control.o
    0x08004404   0x08004404   0x00000030   Code   RO         1212    .text.PID_Init_speed  pid_control.o
    0x08004434   0x08004434   0x00000030   Code   RO         1214    .text.PID_Init_torque  pid_control.o
    0x08004464   0x08004464   0x00000002   Code   RO          119    .text.PendSV_Handler  stm32f4xx_it.o
    0x08004466   0x08004466   0x00000002   PAD
    0x08004468   0x08004468   0x00000002   Code   RO          115    .text.SVC_Handler   stm32f4xx_it.o
    0x0800446a   0x0800446a   0x00000002   PAD
    0x0800446c   0x0800446c   0x00000052   Code   RO          537    .text.SysTick_Config  stm32f4xx_hal_cortex.o
    0x080044be   0x080044be   0x00000002   PAD
    0x080044c0   0x080044c0   0x00000008   Code   RO          121    .text.SysTick_Handler  stm32f4xx_it.o
    0x080044c8   0x080044c8   0x000000bc   Code   RO           13    .text.SystemClock_Config  main.o
    0x08004584   0x08004584   0x00000012   Code   RO         1144    .text.SystemInit    system_stm32f4xx.o
    0x08004596   0x08004596   0x00000002   PAD
    0x08004598   0x08004598   0x00000010   Code   RO          129    .text.TIM1_UP_TIM10_IRQHandler  stm32f4xx_it.o
    0x080045a8   0x080045a8   0x00000010   Code   RO          131    .text.TIM2_IRQHandler  stm32f4xx_it.o
    0x080045b8   0x080045b8   0x00000010   Code   RO          133    .text.TIM3_IRQHandler  stm32f4xx_it.o
    0x080045c8   0x080045c8   0x000001a4   Code   RO          681    .text.TIM_Base_SetConfig  stm32f4xx_hal_tim.o
    0x0800476c   0x0800476c   0x00000034   Code   RO          867    .text.TIM_ETR_SetConfig  stm32f4xx_hal_tim.o
    0x080047a0   0x080047a0   0x0000002a   Code   RO          873    .text.TIM_ITRx_SetConfig  stm32f4xx_hal_tim.o
    0x080047ca   0x080047ca   0x00000002   PAD
    0x080047cc   0x080047cc   0x00000050   Code   RO          871    .text.TIM_TI1_ConfigInputStage  stm32f4xx_hal_tim.o
    0x0800481c   0x0800481c   0x00000052   Code   RO          875    .text.TIM_TI2_ConfigInputStage  stm32f4xx_hal_tim.o
    0x0800486e   0x0800486e   0x00000002   PAD
    0x08004870   0x08004870   0x0000001c   Code   RO         1101    .text.UART_DMAAbortOnError  stm32f4xx_hal_uart.o
    0x0800488c   0x0800488c   0x0000007c   Code   RO         1047    .text.UART_DMAError  stm32f4xx_hal_uart.o
    0x08004908   0x08004908   0x0000007a   Code   RO         1043    .text.UART_DMATransmitCplt  stm32f4xx_hal_uart.o
    0x08004982   0x08004982   0x00000002   PAD
    0x08004984   0x08004984   0x00000016   Code   RO         1045    .text.UART_DMATxHalfCplt  stm32f4xx_hal_uart.o
    0x0800499a   0x0800499a   0x00000002   PAD
    0x0800499c   0x0800499c   0x00000094   Code   RO         1061    .text.UART_EndRxTransfer  stm32f4xx_hal_uart.o
    0x08004a30   0x08004a30   0x00000026   Code   RO         1109    .text.UART_EndTransmit_IT  stm32f4xx_hal_uart.o
    0x08004a56   0x08004a56   0x00000002   PAD
    0x08004a58   0x08004a58   0x00000036   Code   RO         1059    .text.UART_EndTxTransfer  stm32f4xx_hal_uart.o
    0x08004a8e   0x08004a8e   0x00000002   PAD
    0x08004a90   0x08004a90   0x00000168   Code   RO         1099    .text.UART_Receive_IT  stm32f4xx_hal_uart.o
    0x08004bf8   0x08004bf8   0x0000013a   Code   RO         1017    .text.UART_SetConfig  stm32f4xx_hal_uart.o
    0x08004d32   0x08004d32   0x00000002   PAD
    0x08004d34   0x08004d34   0x00000094   Code   RO         1107    .text.UART_Transmit_IT  stm32f4xx_hal_uart.o
    0x08004dc8   0x08004dc8   0x00000010   Code   RO          143    .text.USART6_IRQHandler  stm32f4xx_it.o
    0x08004dd8   0x08004dd8   0x00000004   Code   RO          113    .text.UsageFault_Handler  stm32f4xx_it.o
    0x08004ddc   0x08004ddc   0x00000030   Code   RO          525    .text.__NVIC_EnableIRQ  stm32f4xx_hal_cortex.o
    0x08004e0c   0x08004e0c   0x00000010   Code   RO          517    .text.__NVIC_GetPriorityGrouping  stm32f4xx_hal_cortex.o
    0x08004e1c   0x08004e1c   0x00000042   Code   RO          519    .text.__NVIC_SetPriority  stm32f4xx_hal_cortex.o
    0x08004e5e   0x08004e5e   0x00000002   PAD
    0x08004e60   0x08004e60   0x0000003c   Code   RO          513    .text.__NVIC_SetPriorityGrouping  stm32f4xx_hal_cortex.o
    0x08004e9c   0x08004e9c   0x00000064   Code   RO         1204    .text.can_filter_init  bsp_can.o
    0x08004f00   0x08004f00   0x0000000a   Code   RO         1174    .text.get_UART_TX_DATA_ptr  can_receive.o
    0x08004f0a   0x08004f0a   0x00000002   PAD
    0x08004f0c   0x08004f0c   0x00000004   Code   RO         1176    .text.get_UART_TX_DATA_size  can_receive.o
    0x08004f10   0x08004f10   0x00000022   Code   RO         1170    .text.get_chassis_motor_measure_point  can_receive.o
    0x08004f32   0x08004f32   0x00000006   PAD
    0x08004f38   0x08004f38   0x00000170   Code   RO           11    .text.main          main.o
    0x080050a8   0x080050a8   0x00000030   Code   RO         1339    i.__ARM_fpclassify  m_wm.l(fpclassify.o)
    0x080050d8   0x080050d8   0x000000c8   Code   RO         1246    i.__hardfp_sin      m_wm.l(sin.o)
    0x080051a0   0x080051a0   0x00000438   Code   RO         1287    i.__ieee754_rem_pio2  m_wm.l(rred.o)
    0x080055d8   0x080055d8   0x00000170   Code   RO         1270    i.__kernel_cos      m_wm.l(cos_i.o)
    0x08005748   0x08005748   0x000000f8   Code   RO         1341    i.__kernel_poly     m_wm.l(poly.o)
    0x08005840   0x08005840   0x00000130   Code   RO         1292    i.__kernel_sin      m_wm.l(sin_i.o)
    0x08005970   0x08005970   0x00000014   Code   RO         1274    i.__mathlib_dbl_infnan  m_wm.l(dunder.o)
    0x08005984   0x08005984   0x00000004   PAD
    0x08005988   0x08005988   0x00000020   Code   RO         1276    i.__mathlib_dbl_invalid  m_wm.l(dunder.o)
    0x080059a8   0x080059a8   0x00000020   Code   RO         1279    i.__mathlib_dbl_underflow  m_wm.l(dunder.o)
    0x080059c8   0x080059c8   0x00000018   Code   RO         1335    i.fabs              m_wm.l(fabs.o)
    0x080059e0   0x080059e0   0x00000018   Code   RO         1259    x$fpl$basic         fz_wm.l(basic.o)
    0x080059f8   0x080059f8   0x00000062   Code   RO         1236    x$fpl$d2f           fz_wm.l(d2f.o)
    0x08005a5a   0x08005a5a   0x00000002   PAD
    0x08005a5c   0x08005a5c   0x00000150   Code   RO         1317    x$fpl$dadd          fz_wm.l(daddsub_clz.o)
    0x08005bac   0x08005bac   0x000002b4   Code   RO         1239    x$fpl$ddiv          fz_wm.l(ddiv.o)
    0x08005e60   0x08005e60   0x0000005e   Code   RO         1323    x$fpl$dfix          fz_wm.l(dfix.o)
    0x08005ebe   0x08005ebe   0x0000002e   Code   RO         1328    x$fpl$dflt          fz_wm.l(dflt_clz.o)
    0x08005eec   0x08005eec   0x00000026   Code   RO         1327    x$fpl$dfltu         fz_wm.l(dflt_clz.o)
    0x08005f12   0x08005f12   0x00000002   PAD
    0x08005f14   0x08005f14   0x00000154   Code   RO         1242    x$fpl$dmul          fz_wm.l(dmul.o)
    0x08006068   0x08006068   0x0000009c   Code   RO         1261    x$fpl$dnaninf       fz_wm.l(dnaninf.o)
    0x08006104   0x08006104   0x0000000c   Code   RO         1263    x$fpl$dretinf       fz_wm.l(dretinf.o)
    0x08006110   0x08006110   0x00000016   Code   RO         1318    x$fpl$drsb          fz_wm.l(daddsub_clz.o)
    0x08006126   0x08006126   0x00000002   PAD
    0x08006128   0x08006128   0x000001dc   Code   RO         1319    x$fpl$dsub          fz_wm.l(daddsub_clz.o)
    0x08006304   0x08006304   0x00000056   Code   RO         1244    x$fpl$f2d           fz_wm.l(f2d.o)
    0x0800635a   0x0800635a   0x0000008c   Code   RO         1265    x$fpl$fnaninf       fz_wm.l(fnaninf.o)
    0x080063e6   0x080063e6   0x0000001a   Code   RO         1432    x$fpl$fpinit        fz_wm.l(fpinit.o)
    0x08006400   0x08006400   0x0000000a   Code   RO         1267    x$fpl$fretinf       fz_wm.l(fretinf.o)
    0x0800640a   0x0800640a   0x00000000   Code   RO         1269    x$fpl$usenofp       fz_wm.l(usenofp.o)
    0x0800640a   0x0800640a   0x00000006   PAD
    0x08006410   0x08006410   0x00000030   Data   RO         1271    .constdata          m_wm.l(cos_i.o)
    0x08006440   0x08006440   0x000000cc   Data   RO         1289    .constdata          m_wm.l(rred.o)
    0x0800650c   0x0800650c   0x00000004   PAD
    0x08006510   0x08006510   0x00000028   Data   RO         1293    .constdata          m_wm.l(sin_i.o)
    0x08006538   0x08006538   0x00000010   Data   RO         1149    .rodata.AHBPrescTable  system_stm32f4xx.o
    0x08006548   0x08006548   0x00000008   Data   RO         1150    .rodata.APBPrescTable  system_stm32f4xx.o
    0x08006550   0x08006550   0x00000008   Data   RO          443    .rodata.DMA_CalcBaseAndBitshift.flagBitshiftOffset  stm32f4xx_hal_dma.o
    0x08006558   0x08006558   0x00000020   Data   RO         1493    Region$$Table       anon$$obj.o


    Execution Region RW_IRAM1 (Exec base: 0x20000000, Load base: 0x08006578, Size: 0x00000990, Max: 0x0001c000, ABSOLUTE)

    Exec Addr    Load Addr    Size         Type   Attr      Idx    E Section Name        Object

    0x20000000   0x08006578   0x00000004   Data   RW         1148    .data.SystemCoreClock  system_stm32f4xx.o
    0x20000004   0x0800657c   0x00000001   Data   RW          643    .data.uwTickFreq    stm32f4xx_hal.o
    0x20000005   0x0800657d   0x00000003   PAD
    0x20000008   0x08006580   0x00000004   Data   RW          642    .data.uwTickPrio    stm32f4xx_hal.o
    0x2000000c   0x08006584   0x00000004   PAD
    0x20000010        -       0x00000060   Zero   RW         1344    .bss                c_w.l(libspace.o)
    0x20000070        -       0x00000001   Zero   RW         1184    .bss.HAL_CAN_RxFifo0MsgPendingCallback.i  can_receive.o
    0x20000071        -       0x00000001   Zero   RW         1185    .bss.HAL_CAN_RxFifo0MsgPendingCallback.j  can_receive.o
    0x20000072   0x08006584   0x00000002   PAD
    0x20000074        -       0x00000004   Zero   RW           53    .bss.HAL_RCC_CAN1_CLK_ENABLED  can.o
    0x20000078        -       0x0000001c   Zero   RW           25    .bss.HAL_TIM_PeriodElapsedCallback.pid1  main.o
    0x20000094        -       0x0000001c   Zero   RW           26    .bss.HAL_TIM_PeriodElapsedCallback.pid2  main.o
    0x200000b0        -       0x0000000a   Zero   RW         1178    .bss.UART_TX_DATA   can_receive.o
    0x200000ba        -       0x00000008   Zero   RW         1182    .bss.chassis_can_send_data  can_receive.o
    0x200000c2   0x08006584   0x00000002   PAD
    0x200000c4        -       0x00000018   Zero   RW         1181    .bss.chassis_tx_message  can_receive.o
    0x200000dc        -       0x00000004   Zero   RW           24    .bss.counter        main.o
    0x200000e0        -       0x00000001   Zero   RW           21    .bss.exti_flag      main.o
    0x200000e1   0x08006584   0x00000003   PAD
    0x200000e4        -       0x00000028   Zero   RW           51    .bss.hcan1          can.o
    0x2000010c        -       0x00000028   Zero   RW           52    .bss.hcan2          can.o
    0x20000134        -       0x00000060   Zero   RW           96    .bss.hdma_usart6_rx  usart.o
    0x20000194        -       0x00000060   Zero   RW           97    .bss.hdma_usart6_tx  usart.o
    0x200001f4        -       0x00000048   Zero   RW           79    .bss.htim1          tim.o
    0x2000023c        -       0x00000048   Zero   RW           80    .bss.htim2          tim.o
    0x20000284        -       0x00000048   Zero   RW           81    .bss.htim3          tim.o
    0x200002cc        -       0x00000048   Zero   RW           95    .bss.huart6         usart.o
    0x20000314        -       0x00000046   Zero   RW         1183    .bss.motor_chassis  can_receive.o
    0x2000035a        -       0x00000020   Zero   RW         1186    .bss.motor_serialplot_tx  can_receive.o
    0x2000037a   0x08006584   0x00000002   PAD
    0x2000037c        -       0x00000004   Zero   RW           22    .bss.output         main.o
    0x20000380        -       0x00000001   Zero   RW         1196    .bss.serialplot_dma_busy  serialplot.o
    0x20000381   0x08006584   0x00000003   PAD
    0x20000384        -       0x00000004   Zero   RW           23    .bss.speed_target   main.o
    0x20000388        -       0x00000004   Zero   RW          644    .bss.uwTick         stm32f4xx_hal.o
    0x2000038c   0x08006584   0x00000004   PAD
    0x20000390        -       0x00000200   Zero   RW            2    HEAP                startup_stm32f407xx.o
    0x20000590        -       0x00000400   Zero   RW            1    STACK               startup_stm32f407xx.o


    Execution Region RW_IRAM2 (Exec base: 0x2001c000, Load base: 0x08006588, Size: 0x00000000, Max: 0x00004000, ABSOLUTE)

    **** No section assigned to this execution region ****


==============================================================================

Image component sizes


      Code (inc. data)   RO Data    RW Data    ZI Data      Debug   Object Name

       100          0          0          0          0       1112   bsp_can.o
       580          0          0          0         84       6429   can.o
       498          0          0          0        146       5381   can_receive.o
        80          0          0          0          0       3283   dma.o
       282          0          0          0          0       4022   gpio.o
      1012         44          0          0         69       7367   main.o
       624          0          0          0          0       1828   pid_control.o
        40          0          0          0          1       3296   serialplot.o
        64         26        392          0       1536        844   startup_stm32f407xx.o
       270          0          0          5          4       7103   stm32f4xx_hal.o
      3090          0          0          0          0      11484   stm32f4xx_hal_can.o
       482          0          0          0          0       9677   stm32f4xx_hal_cortex.o
      2068          8          8          0          0       8460   stm32f4xx_hal_dma.o
      1090          0          0          0          0       5079   stm32f4xx_hal_gpio.o
        74          0          0          0          0       1469   stm32f4xx_hal_msp.o
      2646          0          0          0          0       7582   stm32f4xx_hal_rcc.o
      2036          0          0          0          0      35825   stm32f4xx_hal_tim.o
       306          0          0          0          0      15251   stm32f4xx_hal_tim_ex.o
      2920          0          0          0          0      20306   stm32f4xx_hal_uart.o
       204          0          0          0          0       2215   stm32f4xx_it.o
        18          0         24          4          0       2499   system_stm32f4xx.o
       622          0          0          0        216       7615   tim.o
       406          0          0          0        264       6900   usart.o

    ----------------------------------------------------------------------
     19624         78        456         12       2340     175027   Object Totals
         0          0         32          0          0          0   (incl. Generated)
       112          0          0          3         20          0   (incl. Padding)

    ----------------------------------------------------------------------

      Code (inc. data)   RO Data    RW Data    ZI Data      Debug   Library Member Name

         8          0          0          0          0         68   __main.o
         0          0          0          0          0          0   __rtentry.o
        12          0          0          0          0          0   __rtentry2.o
         6          0          0          0          0          0   __rtentry4.o
        52          8          0          0          0          0   __scatter.o
        26          0          0          0          0          0   __scatter_copy.o
        28          0          0          0          0          0   __scatter_zi.o
        22          0          0          0          0        100   _rserrno.o
        18          0          0          0          0         80   exit.o
         6          0          0          0          0        152   heapauxi.o
         0          0          0          0          0          0   indicate_semi.o
         2          0          0          0          0          0   libinit.o
         6          0          0          0          0          0   libinit2.o
         2          0          0          0          0          0   libshutdown.o
         2          0          0          0          0          0   libshutdown2.o
         8          4          0          0         96         68   libspace.o
       240          0          0          0          0        100   lludivv7m.o
         8          4          0          0          0         68   rt_errno_addr_intlibspace.o
        78          0          0          0          0         80   rt_memclr_w.o
         2          0          0          0          0          0   rtexit.o
        10          0          0          0          0          0   rtexit2.o
        12          4          0          0          0         68   sys_exit.o
        74          0          0          0          0         80   sys_stackheap_outer.o
         2          0          0          0          0         68   use_no_semi.o
        24          0          0          0          0        164   basic.o
        98          4          0          0          0        140   d2f.o
       834         16          0          0          0        516   daddsub_clz.o
       692        140          0          0          0        264   ddiv.o
        94          4          0          0          0        140   dfix.o
        84          0          0          0          0        232   dflt_clz.o
       340         12          0          0          0        152   dmul.o
       156          4          0          0          0        140   dnaninf.o
        12          0          0          0          0        116   dretinf.o
        86          4          0          0          0        132   f2d.o
       140          4          0          0          0        132   fnaninf.o
        26          0          0          0          0        116   fpinit.o
        10          0          0          0          0        116   fretinf.o
         0          0          0          0          0          0   usenofp.o
       368         46         48          0          0        200   cos_i.o
        84         16          0          0          0        372   dunder.o
        24          0          0          0          0        124   fabs.o
        48          0          0          0          0        124   fpclassify.o
       248          0          0          0          0        152   poly.o
      1080        142        204          0          0        188   rred.o
       200         20          0          0          0        164   sin.o
       304         24         40          0          0        208   sin_i.o

    ----------------------------------------------------------------------
      5600        456        296          0         96       4824   Library Totals
        24          0          4          0          0          0   (incl. Padding)

    ----------------------------------------------------------------------

      Code (inc. data)   RO Data    RW Data    ZI Data      Debug   Library Name

       624         20          0          0         96        932   c_w.l
      2596        188          0          0          0       2360   fz_wm.l
      2356        248        292          0          0       1532   m_wm.l

    ----------------------------------------------------------------------
      5600        456        296          0         96       4824   Library Totals

    ----------------------------------------------------------------------

==============================================================================


      Code (inc. data)   RO Data    RW Data    ZI Data      Debug   

     25224        534        752         12       2436     176667   Grand Totals
     25224        534        752         12       2436     176667   ELF Image Totals
     25224        534        752         12          0          0   ROM Totals

==============================================================================

    Total RO  Size (Code + RO Data)                25976 (  25.37kB)
    Total RW  Size (RW Data + ZI Data)              2448 (   2.39kB)
    Total ROM Size (Code + RO Data + RW Data)      25988 (  25.38kB)

==============================================================================

